{
  "version": "1.5.0",
  "plugins_used": [
    {
      "name": "ArtifactoryDetector"
    },
    {
      "name": "AWSKeyDetector"
    },
    {
      "name": "AzureStorageKeyDetector"
    },
    {
      "name": "Base64HighEntropyString",
      "limit": 4.5
    },
    {
      "name": "BasicAuthDetector"
    },
    {
      "name": "CloudantDetector"
    },
    {
      "name": "DiscordBotTokenDetector"
    },
    {
      "name": "GitHubTokenDetector"
    },
    {
      "name": "GitLabTokenDetector"
    },
    {
      "name": "HexHighEntropyString",
      "limit": 3.0
    },
    {
      "name": "IbmCloudIamDetector"
    },
    {
      "name": "IbmCosHmacDetector"
    },
    {
      "name": "IPPublicDetector"
    },
    {
      "name": "JwtTokenDetector"
    },
    {
      "name": "KeywordDetector",
      "keyword_exclude": ""
    },
    {
      "name": "MailchimpDetector"
    },
    {
      "name": "NpmDetector"
    },
    {
      "name": "OpenAIDetector"
    },
    {
      "name": "PrivateKeyDetector"
    },
    {
      "name": "PypiTokenDetector"
    },
    {
      "name": "SendGridDetector"
    },
    {
      "name": "SlackDetector"
    },
    {
      "name": "SoftlayerDetector"
    },
    {
      "name": "SquareOAuthDetector"
    },
    {
      "name": "StripeDetector"
    },
    {
      "name": "TelegramBotTokenDetector"
    },
    {
      "name": "TwilioKeyDetector"
    }
  ],
  "filters_used": [
    {
      "path": "detect_secrets.filters.allowlist.is_line_allowlisted"
    },
    {
      "path": "detect_secrets.filters.common.is_baseline_file",
      "filename": ".secrets.baseline"
    },
    {
      "path": "detect_secrets.filters.common.is_ignored_due_to_verification_policies",
      "min_level": 2
    },
    {
      "path": "detect_secrets.filters.heuristic.is_indirect_reference"
    },
    {
      "path": "detect_secrets.filters.heuristic.is_likely_id_string"
    },
    {
      "path": "detect_secrets.filters.heuristic.is_lock_file"
    },
    {
      "path": "detect_secrets.filters.heuristic.is_not_alphanumeric_string"
    },
    {
      "path": "detect_secrets.filters.heuristic.is_potential_uuid"
    },
    {
      "path": "detect_secrets.filters.heuristic.is_prefixed_with_dollar_sign"
    },
    {
      "path": "detect_secrets.filters.heuristic.is_sequential_string"
    },
    {
      "path": "detect_secrets.filters.heuristic.is_swagger_file"
    },
    {
      "path": "detect_secrets.filters.heuristic.is_templated_secret"
    },
    {
      "path": "detect_secrets.filters.regex.should_exclude_file",
      "pattern": [
        "tests/.*|\\.env\\.example|uv\\.lock|.*\\.lock"
      ]
    }
  ],
  "results": {
    "config/llm_presets.json": [
      {
        "type": "Secret Keyword",
        "filename": "config/llm_presets.json",
        "hashed_secret": "0b179c01c289d869b91ab3fd92de46c59c62d3ca",
        "is_verified": false,
        "line_number": 394
      }
    ],
    "config/tools_external.yaml": [
      {
        "type": "Secret Keyword",
        "filename": "config/tools_external.yaml",
        "hashed_secret": "564e340cd48437d2dfe876ee154cc99dc4d0d137",
        "is_verified": false,
        "line_number": 11
      }
    ],
    "cortex-sdk/README.md": [
      {
        "type": "Secret Keyword",
        "filename": "cortex-sdk/README.md",
        "hashed_secret": "d9602977e3fa18cc0ce6efab17526590b4180991",
        "is_verified": false,
        "line_number": 49
      }
    ],
    "cortex-sdk/cortex_persist/async_client.py": [
      {
        "type": "Secret Keyword",
        "filename": "cortex-sdk/cortex_persist/async_client.py",
        "hashed_secret": "d9602977e3fa18cc0ce6efab17526590b4180991",
        "is_verified": false,
        "line_number": 11
      }
    ],
    "cortex/api/async_client.py": [
      {
        "type": "Secret Keyword",
        "filename": "cortex/api/async_client.py",
        "hashed_secret": "d9602977e3fa18cc0ce6efab17526590b4180991",
        "is_verified": false,
        "line_number": 9
      }
    ],
    "cortex/cli/storage_cmds.py": [
      {
        "type": "Basic Auth Credentials",
        "filename": "cortex/cli/storage_cmds.py",
        "hashed_secret": "9d4e1e23bd5b727046a9e3b4b7db57bd8d6ee684",
        "is_verified": false,
        "line_number": 48
      }
    ],
    "cortex/extensions/agents/definitions/hermes.yaml": [
      {
        "type": "Secret Keyword",
        "filename": "cortex/extensions/agents/definitions/hermes.yaml",
        "hashed_secret": "451dada1ad85b989a1262e104cad079e0b5c9555",
        "is_verified": false,
        "line_number": 7
      }
    ],
    "cortex/extensions/agents/definitions/prometheus.yaml": [
      {
        "type": "Secret Keyword",
        "filename": "cortex/extensions/agents/definitions/prometheus.yaml",
        "hashed_secret": "1bb55b942021b527b977e8cf370c624a45200975",
        "is_verified": false,
        "line_number": 7
      }
    ],
    "cortex/extensions/langbase/client.py": [
      {
        "type": "Secret Keyword",
        "filename": "cortex/extensions/langbase/client.py",
        "hashed_secret": "68f84df3dcc6d6cd9b0a7922b1d5943c3167537c",
        "is_verified": false,
        "line_number": 56
      }
    ],
    "cortex/extensions/security/signatures.py": [
      {
        "type": "Secret Keyword",
        "filename": "cortex/extensions/security/signatures.py",
        "hashed_secret": "cde9f5e8ae64a96edaed0e424d51babac3b1f7a3",
        "is_verified": false,
        "line_number": 39
      }
    ],
    "cortex/gateway/adapters/telegram.py": [
      {
        "type": "Secret Keyword",
        "filename": "cortex/gateway/adapters/telegram.py",
        "hashed_secret": "021c3d346d7fdc1ee9390ae033d81dc8bdf45be7",
        "is_verified": false,
        "line_number": 9
      }
    ],
    "cortex/storage/__init__.py": [
      {
        "type": "Basic Auth Credentials",
        "filename": "cortex/storage/__init__.py",
        "hashed_secret": "9d4e1e23bd5b727046a9e3b4b7db57bd8d6ee684",
        "is_verified": false,
        "line_number": 81
      }
    ],
    "cortex/storage/postgres.py": [
      {
        "type": "Basic Auth Credentials",
        "filename": "cortex/storage/postgres.py",
        "hashed_secret": "9d4e1e23bd5b727046a9e3b4b7db57bd8d6ee684",
        "is_verified": false,
        "line_number": 11
      },
      {
        "type": "Basic Auth Credentials",
        "filename": "cortex/storage/postgres.py",
        "hashed_secret": "bd564db5d5cc358eb0e3523d3e03041739f230d5",
        "is_verified": false,
        "line_number": 207
      }
    ],
    "cortex/storage/router.py": [
      {
        "type": "Basic Auth Credentials",
        "filename": "cortex/storage/router.py",
        "hashed_secret": "9d4e1e23bd5b727046a9e3b4b7db57bd8d6ee684",
        "is_verified": false,
        "line_number": 140
      }
    ],
    "docs/sdks.md": [
      {
        "type": "Secret Keyword",
        "filename": "docs/sdks.md",
        "hashed_secret": "625a58605bca4f1660304a135fedf76a091e8256",
        "is_verified": false,
        "line_number": 120
      }
    ],
    "docs/wave_5_proposal.md": [
      {
        "type": "Base64 High Entropy String",
        "filename": "docs/wave_5_proposal.md",
        "hashed_secret": "154e07c102ffedc520ef778f74a1618eab7a3173",
        "is_verified": false,
        "line_number": 1235
      },
      {
        "type": "Base64 High Entropy String",
        "filename": "docs/wave_5_proposal.md",
        "hashed_secret": "231cdda4d8e55aebcfce848d26d3c45c99468023",
        "is_verified": false,
        "line_number": 4751
      }
    ],
    "infra/k8s/gcp/deployment.yaml": [
      {
        "type": "Secret Keyword",
        "filename": "infra/k8s/gcp/deployment.yaml",
        "hashed_secret": "2e66503ebe2cf6f9495c04b299424b5c393a696b",
        "is_verified": false,
        "line_number": 96
      }
    ],
    "infra/terraform/modules/gcp/main.tf": [
      {
        "type": "Secret Keyword",
        "filename": "infra/terraform/modules/gcp/main.tf",
        "hashed_secret": "ac798effbaf49df5600c6827d70bfcc57d8fb27f",
        "is_verified": false,
        "line_number": 134
      }
    ],
    "infra/terraform/modules/observability/main.tf": [
      {
        "type": "Secret Keyword",
        "filename": "infra/terraform/modules/observability/main.tf",
        "hashed_secret": "7205a0abf00d1daec13c63ece029057c974795a9",
        "is_verified": false,
        "line_number": 21
      }
    ],
    "infra/terraform/modules/security/main.tf": [
      {
        "type": "Secret Keyword",
        "filename": "infra/terraform/modules/security/main.tf",
        "hashed_secret": "05d9d27a58bdc53e907fb502b2c7198b85aea958",
        "is_verified": false,
        "line_number": 48
      }
    ],
    "scripts/_archive/test_ernie_load.py": [
      {
        "type": "Secret Keyword",
        "filename": "scripts/_archive/test_ernie_load.py",
        "hashed_secret": "48ca756d77c7d21242d537bb15aed63b5acd5edd",
        "is_verified": false,
        "line_number": 9
      }
    ],
    "scripts/eu_email_scraper.py": [
      {
        "type": "Base64 High Entropy String",
        "filename": "scripts/eu_email_scraper.py",
        "hashed_secret": "1b3ddcaa70829c6abcbf09e082d22805683f9f29",
        "is_verified": false,
        "line_number": 347
      }
    ],
    "scripts/send_taint_message.py": [
      {
        "type": "Hex High Entropy String",
        "filename": "scripts/send_taint_message.py",
        "hashed_secret": "0f84c2dd92a1e0007867b28bbb7dc462d167976b",
        "is_verified": false,
        "line_number": 65
      },
      {
        "type": "Secret Keyword",
        "filename": "scripts/send_taint_message.py",
        "hashed_secret": "0f84c2dd92a1e0007867b28bbb7dc462d167976b",
        "is_verified": false,
        "line_number": 65
      }
    ],
    "scripts/venice_moltbook_swarm.py": [
      {
        "type": "Secret Keyword",
        "filename": "scripts/venice_moltbook_swarm.py",
        "hashed_secret": "829c3804401b0727f70f73d4415e162400cbe57b",
        "is_verified": false,
        "line_number": 56
      }
    ],
    "sdks/js/README.md": [
      {
        "type": "Secret Keyword",
        "filename": "sdks/js/README.md",
        "hashed_secret": "ec417f567082612f8fd6afafe1abcab831fca840",
        "is_verified": false,
        "line_number": 16
      }
    ],
    "sdks/js/src/index.ts": [
      {
        "type": "Secret Keyword",
        "filename": "sdks/js/src/index.ts",
        "hashed_secret": "ec417f567082612f8fd6afafe1abcab831fca840",
        "is_verified": false,
        "line_number": 10
      }
    ]
  },
  "generated_at": "2026-03-24T19:49:10Z"
}
