[APEX] Iniciando Bucle Autocatalítico desde Iteración 1 a 10000
 -> [Φ] Forjando Iteración 1/10000...[!] Sensor Drift detectado en API: HTTP Error 403: Forbidden. Aplicando backoff.
 DONE. Hash: 2b123f9d | Git: CLEAN_TR
 -> [Φ] Forjando Iteración 2/10000...[!] Sensor Drift detectado en API: HTTP Error 403: Forbidden. Aplicando backoff.
 DONE. Hash: ffe48652 | Git: CLEAN_TR
 -> [Φ] Forjando Iteración 3/10000...[!] Sensor Drift detectado en API: HTTP Error 403: Forbidden. Aplicando backoff.
 DONE. Hash: e12ba6b0 | Git: CLEAN_TR
 -> [Φ] Forjando Iteración 4/10000...[!] Sensor Drift detectado en API: HTTP Error 403: Forbidden. Aplicando backoff.
 DONE. Hash: 5719f9fa | Git: CLEAN_TR
 -> [Φ] Forjando Iteración 5/10000...[!] Sensor Drift detectado en API: HTTP Error 403: Forbidden. Aplicando backoff.
 DONE. Hash: 353c4c10 | Git: CLEAN_TR
 -> [Φ] Forjando Iteración 6/10000...[CORTEX] Resumiendo iteración desde el Master Ledger (Iter 6).
[APEX] Iniciando Bucle Autocatalítico desde Iteración 6 a 10000
 -> [Φ] Forjando Iteración 6/10000...[!] Sensor Drift detectado: HTTP Error 429: Too Many Requests. Activando resiliencia estructural.
 DONE. Hash: 32566a71 | Git: CLEAN_TR
 -> [Φ] Forjando Iteración 7/10000...[!] Sensor Drift detectado: HTTP Error 429: Too Many Requests. Activando resiliencia estructural.
 DONE. Hash: 71fc8c4e | Git: CLEAN_TR
 -> [Φ] Forjando Iteración 8/10000...[!] Sensor Drift detectado: HTTP Error 403: Forbidden. Activando resiliencia estructural.
 DONE. Hash: 699fd4bd | Git: CLEAN_TR
 -> [Φ] Forjando Iteración 9/10000...[!] Sensor Drift detectado: HTTP Error 403: Forbidden. Activando resiliencia estructural.
 DONE. Hash: 2703988c | Git: CLEAN_TR
 -> [Φ] Forjando Iteración 10/10000...[!] Sensor Drift detectado: HTTP Error 403: Forbidden. Activando resiliencia estructural.
 DONE. Hash: f35ea1c1 | Git: CLEAN_TR
 -> [Φ] Forjando Iteración 11/10000...[!] Sensor Drift detectado: HTTP Error 403: Forbidden. Activando resiliencia estructural.
 DONE. Hash: d72a70c1 | Git: CLEAN_TR
 -> [Φ] Forjando Iteración 12/10000...[!] Sensor Drift detectado: HTTP Error 403: Forbidden. Activando resiliencia estructural.
 DONE. Hash: a65eab64 | Git: CLEAN_TR
 -> [Φ] Forjando Iteración 13/10000...[!] Sensor Drift detectado: HTTP Error 403: Forbidden. Activando resiliencia estructural.
 DONE. Hash: e7f3800e | Git: CLEAN_TR
 -> [Φ] Forjando Iteración 14/10000...[!] Sensor Drift detectado: HTTP Error 403: Forbidden. Activando resiliencia estructural.
 DONE. Hash: 05d4dd92 | Git: CLEAN_TR
 -> [Φ] Forjando Iteración 15/10000...[!] Sensor Drift detectado: HTTP Error 429: Too Many Requests. Activando resiliencia estructural.
 DONE. Hash: 14d057ef | Git: CLEAN_TR
 -> [Φ] Forjando Iteración 16/10000...[!] Sensor Drift detectado: HTTP Error 403: Forbidden. Activando resiliencia estructural.
 DONE. Hash: b0c7f267 | Git: CLEAN_TR
 -> [Φ] Forjando Iteración 17/10000...[!] Sensor Drift detectado: HTTP Error 403: Forbidden. Activando resiliencia estructural.
 DONE. Hash: 7b1ded6d | Git: CLEAN_TR
 -> [Φ] Forjando Iteración 18/10000...[!] Sensor Drift detectado: HTTP Error 403: Forbidden. Activando resiliencia estructural.
 DONE. Hash: df9e2a3a | Git: CLEAN_TR
 -> [Φ] Forjando Iteración 19/10000...[!] Sensor Drift detectado: HTTP Error 403: Forbidden. Activando resiliencia estructural.
 DONE. Hash: 827a9b2e | Git: CLEAN_TR
 -> [Φ] Forjando Iteración 20/10000...[!] Sensor Drift detectado: HTTP Error 403: Forbidden. Activando resiliencia estructural.
 DONE. Hash: 7f21aadd | Git: CLEAN_TR
 -> [Φ] Forjando Iteración 21/10000...[!] Sensor Drift detectado: HTTP Error 403: Forbidden. Activando resiliencia estructural.
 DONE. Hash: 7ed388c7 | Git: CLEAN_TR
 -> [Φ] Forjando Iteración 22/10000...[!] Sensor Drift detectado: HTTP Error 429: Too Many Requests. Activando resiliencia estructural.
 DONE. Hash: 26774adf | Git: CLEAN_TR
 -> [Φ] Forjando Iteración 23/10000...[!] Sensor Drift detectado: HTTP Error 403: Forbidden. Activando resiliencia estructural.
 DONE. Hash: cd8db107 | Git: CLEAN_TR
 -> [Φ] Forjando Iteración 24/10000...[!] Sensor Drift detectado: HTTP Error 403: Forbidden. Activando resiliencia estructural.
 DONE. Hash: 8caf4903 | Git: CLEAN_TR
 -> [Φ] Forjando Iteración 25/10000...[!] Sensor Drift detectado: HTTP Error 429: Too Many Requests. Activando resiliencia estructural.
 DONE. Hash: 564a698e | Git: CLEAN_TR
 -> [Φ] Forjando Iteración 26/10000...[!] Sensor Drift detectado: HTTP Error 403: Forbidden. Activando resiliencia estructural.
 DONE. Hash: 726dd619 | Git: CLEAN_TR
 -> [Φ] Forjando Iteración 27/10000...[!] Sensor Drift detectado: HTTP Error 429: Too Many Requests. Activando resiliencia estructural.
 DONE. Hash: a8f0d9ef | Git: CLEAN_TR
 -> [Φ] Forjando Iteración 28/10000...[!] Sensor Drift detectado: HTTP Error 429: Too Many Requests. Activando resiliencia estructural.
 DONE. Hash: 2f9305eb | Git: CLEAN_TR
 -> [Φ] Forjando Iteración 29/10000...[!] Sensor Drift detectado: HTTP Error 429: Too Many Requests. Activando resiliencia estructural.
 DONE. Hash: 39b9a78f | Git: CLEAN_TR
 -> [Φ] Forjando Iteración 30/10000...[!] Sensor Drift detectado: HTTP Error 429: Too Many Requests. Activando resiliencia estructural.
 DONE. Hash: 41657617 | Git: CLEAN_TR
 -> [Φ] Forjando Iteración 31/10000...[!] Sensor Drift detectado: HTTP Error 429: Too Many Requests. Activando resiliencia estructural.
 DONE. Hash: 6175f2f0 | Git: CLEAN_TR
 -> [Φ] Forjando Iteración 32/10000...[!] Sensor Drift detectado: HTTP Error 429: Too Many Requests. Activando resiliencia estructural.
 DONE. Hash: 7d47c1b8 | Git: CLEAN_TR
 -> [Φ] Forjando Iteración 33/10000...[!] Sensor Drift detectado: HTTP Error 429: Too Many Requests. Activando resiliencia estructural.
 DONE. Hash: 48c7fba8 | Git: CLEAN_TR
 -> [Φ] Forjando Iteración 34/10000...[!] Sensor Drift detectado: HTTP Error 429: Too Many Requests. Activando resiliencia estructural.
 DONE. Hash: 7b1a718e | Git: CLEAN_TR
 -> [Φ] Forjando Iteración 35/10000...[!] Sensor Drift detectado: HTTP Error 429: Too Many Requests. Activando resiliencia estructural.
 DONE. Hash: 06143ab2 | Git: CLEAN_TR
 -> [Φ] Forjando Iteración 36/10000...[!] Sensor Drift detectado: HTTP Error 429: Too Many Requests. Activando resiliencia estructural.
 DONE. Hash: ee905f00 | Git: CLEAN_TR
 -> [Φ] Forjando Iteración 37/10000...[!] Sensor Drift detectado: HTTP Error 429: Too Many Requests. Activando resiliencia estructural.
 DONE. Hash: fb98886a | Git: CLEAN_TR
 -> [Φ] Forjando Iteración 38/10000...[!] Sensor Drift detectado: HTTP Error 429: Too Many Requests. Activando resiliencia estructural.
 DONE. Hash: 7d9877fb | Git: CLEAN_TR
 -> [Φ] Forjando Iteración 39/10000...[!] Sensor Drift detectado: HTTP Error 429: Too Many Requests. Activando resiliencia estructural.
 DONE. Hash: 8726fe4c | Git: CLEAN_TR
 -> [Φ] Forjando Iteración 40/10000...[!] Sensor Drift detectado: HTTP Error 429: Too Many Requests. Activando resiliencia estructural.
 DONE. Hash: cf91d862 | Git: CLEAN_TR
 -> [Φ] Forjando Iteración 41/10000...[!] Sensor Drift detectado: HTTP Error 429: Too Many Requests. Activando resiliencia estructural.
 DONE. Hash: 029dc8dc | Git: CLEAN_TR
 -> [Φ] Forjando Iteración 42/10000...[!] Sensor Drift detectado: HTTP Error 429: Too Many Requests. Activando resiliencia estructural.
 DONE. Hash: 18ce70e4 | Git: CLEAN_TR
 -> [Φ] Forjando Iteración 43/10000...[!] Sensor Drift detectado: HTTP Error 429: Too Many Requests. Activando resiliencia estructural.
 DONE. Hash: b63fba0e | Git: CLEAN_TR
 -> [Φ] Forjando Iteración 44/10000...[!] Sensor Drift detectado: HTTP Error 429: Too Many Requests. Activando resiliencia estructural.
 DONE. Hash: 18922f9f | Git: CLEAN_TR
 -> [Φ] Forjando Iteración 45/10000...[!] Sensor Drift detectado: HTTP Error 429: Too Many Requests. Activando resiliencia estructural.
 DONE. Hash: 89d8ec5e | Git: CLEAN_TR
 -> [Φ] Forjando Iteración 46/10000...[!] Sensor Drift detectado: HTTP Error 429: Too Many Requests. Activando resiliencia estructural.
 DONE. Hash: 2debdd31 | Git: CLEAN_TR
 -> [Φ] Forjando Iteración 47/10000...[!] Sensor Drift detectado: HTTP Error 429: Too Many Requests. Activando resiliencia estructural.
 DONE. Hash: 276c5fe5 | Git: CLEAN_TR
 -> [Φ] Forjando Iteración 48/10000...[!] Sensor Drift detectado: HTTP Error 429: Too Many Requests. Activando resiliencia estructural.
 DONE. Hash: 14e7bd8a | Git: CLEAN_TR
 -> [Φ] Forjando Iteración 49/10000...[!] Sensor Drift detectado: HTTP Error 429: Too Many Requests. Activando resiliencia estructural.
 DONE. Hash: f263408d | Git: CLEAN_TR
 -> [Φ] Forjando Iteración 50/10000...[!] Sensor Drift detectado: HTTP Error 429: Too Many Requests. Activando resiliencia estructural.
 DONE. Hash: 394d1386 | Git: CLEAN_TR
 -> [Φ] Forjando Iteración 51/10000...[!] Sensor Drift detectado: HTTP Error 429: Too Many Requests. Activando resiliencia estructural.
 DONE. Hash: 539d1caa | Git: CLEAN_TR
 -> [Φ] Forjando Iteración 52/10000...[!] Sensor Drift detectado: HTTP Error 429: Too Many Requests. Activando resiliencia estructural.
 DONE. Hash: 3fe1e2e2 | Git: CLEAN_TR
 -> [Φ] Forjando Iteración 53/10000...[!] Sensor Drift detectado: HTTP Error 429: Too Many Requests. Activando resiliencia estructural.
 DONE. Hash: 4ef3dc00 | Git: CLEAN_TR
 -> [Φ] Forjando Iteración 54/10000...[!] Sensor Drift detectado: HTTP Error 429: Too Many Requests. Activando resiliencia estructural.
 DONE. Hash: 65f48a1b | Git: CLEAN_TR
 -> [Φ] Forjando Iteración 55/10000...[!] Sensor Drift detectado: HTTP Error 429: Too Many Requests. Activando resiliencia estructural.
 DONE. Hash: 04d54b5b | Git: CLEAN_TR
 -> [Φ] Forjando Iteración 56/10000...[!] Sensor Drift detectado: HTTP Error 429: Too Many Requests. Activando resiliencia estructural.
 DONE. Hash: b0b85005 | Git: CLEAN_TR
 -> [Φ] Forjando Iteración 57/10000...[!] Sensor Drift detectado: HTTP Error 429: Too Many Requests. Activando resiliencia estructural.
 DONE. Hash: 84ab46ea | Git: CLEAN_TR
 -> [Φ] Forjando Iteración 58/10000...[!] Sensor Drift detectado: HTTP Error 429: Too Many Requests. Activando resiliencia estructural.
 DONE. Hash: 5871fd93 | Git: CLEAN_TR
 -> [Φ] Forjando Iteración 59/10000...[!] Sensor Drift detectado: HTTP Error 429: Too Many Requests. Activando resiliencia estructural.
 DONE. Hash: c118d632 | Git: CLEAN_TR
 -> [Φ] Forjando Iteración 60/10000...[!] Sensor Drift detectado: HTTP Error 429: Too Many Requests. Activando resiliencia estructural.
 DONE. Hash: cb0058ea | Git: CLEAN_TR
 -> [Φ] Forjando Iteración 61/10000...[!] Sensor Drift detectado: HTTP Error 429: Too Many Requests. Activando resiliencia estructural.
 DONE. Hash: 6ade06b4 | Git: CLEAN_TR
 -> [Φ] Forjando Iteración 62/10000...[!] Sensor Drift detectado: HTTP Error 429: Too Many Requests. Activando resiliencia estructural.
 DONE. Hash: d464da92 | Git: CLEAN_TR
 -> [Φ] Forjando Iteración 63/10000...[!] Sensor Drift detectado: HTTP Error 429: Too Many Requests. Activando resiliencia estructural.
 DONE. Hash: ab631fdf | Git: CLEAN_TR
 -> [Φ] Forjando Iteración 64/10000...[!] Sensor Drift detectado: HTTP Error 429: Too Many Requests. Activando resiliencia estructural.
 DONE. Hash: 0b74bac4 | Git: CLEAN_TR
 -> [Φ] Forjando Iteración 65/10000...[!] Sensor Drift detectado: HTTP Error 429: Too Many Requests. Activando resiliencia estructural.
 DONE. Hash: c26cd324 | Git: CLEAN_TR
 -> [Φ] Forjando Iteración 66/10000...[!] Sensor Drift detectado: HTTP Error 429: Too Many Requests. Activando resiliencia estructural.
 DONE. Hash: 650bf1e6 | Git: CLEAN_TR
 -> [Φ] Forjando Iteración 67/10000...[!] Sensor Drift detectado: HTTP Error 429: Too Many Requests. Activando resiliencia estructural.
 DONE. Hash: 31e6e983 | Git: CLEAN_TR
 -> [Φ] Forjando Iteración 68/10000...[!] Sensor Drift detectado: HTTP Error 429: Too Many Requests. Activando resiliencia estructural.
 DONE. Hash: 986716f0 | Git: CLEAN_TR
 -> [Φ] Forjando Iteración 69/10000...[!] Sensor Drift detectado: HTTP Error 429: Too Many Requests. Activando resiliencia estructural.
 DONE. Hash: e5f1bb89 | Git: CLEAN_TR
 -> [Φ] Forjando Iteración 70/10000...[!] Sensor Drift detectado: HTTP Error 429: Too Many Requests. Activando resiliencia estructural.
 DONE. Hash: ac56fa19 | Git: ERROR_GI
 -> [Φ] Forjando Iteración 71/10000...[!] Sensor Drift detectado: HTTP Error 429: Too Many Requests. Activando resiliencia estructural.
 DONE. Hash: b9f24e5f | Git: CLEAN_TR
 -> [Φ] Forjando Iteración 72/10000...[!] Sensor Drift detectado: HTTP Error 429: Too Many Requests. Activando resiliencia estructural.
 DONE. Hash: 097a81e5 | Git: CLEAN_TR
 -> [Φ] Forjando Iteración 73/10000...[!] Sensor Drift detectado: HTTP Error 429: Too Many Requests. Activando resiliencia estructural.
 DONE. Hash: a276a068 | Git: CLEAN_TR
 -> [Φ] Forjando Iteración 74/10000...[!] Sensor Drift detectado: HTTP Error 429: Too Many Requests. Activando resiliencia estructural.
 DONE. Hash: c0e259d2 | Git: CLEAN_TR
 -> [Φ] Forjando Iteración 75/10000...[!] Sensor Drift detectado: HTTP Error 429: Too Many Requests. Activando resiliencia estructural.
 DONE. Hash: 7115e935 | Git: CLEAN_TR
 -> [Φ] Forjando Iteración 76/10000...[!] Sensor Drift detectado: HTTP Error 429: Too Many Requests. Activando resiliencia estructural.
 DONE. Hash: 46edcfd4 | Git: CLEAN_TR
 -> [Φ] Forjando Iteración 77/10000...[!] Sensor Drift detectado: HTTP Error 429: Too Many Requests. Activando resiliencia estructural.
 DONE. Hash: 5d272a09 | Git: CLEAN_TR
 -> [Φ] Forjando Iteración 78/10000...[!] Sensor Drift detectado: HTTP Error 429: Too Many Requests. Activando resiliencia estructural.
 DONE. Hash: 72cfee71 | Git: CLEAN_TR
 -> [Φ] Forjando Iteración 79/10000...[!] Sensor Drift detectado: HTTP Error 429: Too Many Requests. Activando resiliencia estructural.
 DONE. Hash: 1aa7ce54 | Git: CLEAN_TR
 -> [Φ] Forjando Iteración 80/10000...[!] Sensor Drift detectado: HTTP Error 429: Too Many Requests. Activando resiliencia estructural.
 DONE. Hash: c61645fc | Git: CLEAN_TR
 -> [Φ] Forjando Iteración 81/10000...[!] Sensor Drift detectado: HTTP Error 429: Too Many Requests. Activando resiliencia estructural.
 DONE. Hash: 6621d661 | Git: CLEAN_TR
 -> [Φ] Forjando Iteración 82/10000...[!] Sensor Drift detectado: HTTP Error 429: Too Many Requests. Activando resiliencia estructural.
 DONE. Hash: 1c9190ab | Git: CLEAN_TR
 -> [Φ] Forjando Iteración 83/10000...[!] Sensor Drift detectado: HTTP Error 429: Too Many Requests. Activando resiliencia estructural.
 DONE. Hash: 605be13e | Git: CLEAN_TR
 -> [Φ] Forjando Iteración 84/10000...[!] Sensor Drift detectado: HTTP Error 429: Too Many Requests. Activando resiliencia estructural.
 DONE. Hash: 072cdbda | Git: CLEAN_TR
 -> [Φ] Forjando Iteración 85/10000...[!] Sensor Drift detectado: HTTP Error 429: Too Many Requests. Activando resiliencia estructural.
 DONE. Hash: 4894e1ed | Git: CLEAN_TR
 -> [Φ] Forjando Iteración 86/10000...[!] Sensor Drift detectado: HTTP Error 429: Too Many Requests. Activando resiliencia estructural.
 DONE. Hash: 6c3aecac | Git: CLEAN_TR
 -> [Φ] Forjando Iteración 87/10000...[!] Sensor Drift detectado: HTTP Error 429: Too Many Requests. Activando resiliencia estructural.
 DONE. Hash: ff72b8d1 | Git: CLEAN_TR
 -> [Φ] Forjando Iteración 88/10000...[!] Sensor Drift detectado: HTTP Error 429: Too Many Requests. Activando resiliencia estructural.
 DONE. Hash: ab0db811 | Git: CLEAN_TR
 -> [Φ] Forjando Iteración 89/10000...[!] Sensor Drift detectado: HTTP Error 429: Too Many Requests. Activando resiliencia estructural.
 DONE. Hash: 8b167ddf | Git: CLEAN_TR
 -> [Φ] Forjando Iteración 90/10000...[!] Sensor Drift detectado: HTTP Error 429: Too Many Requests. Activando resiliencia estructural.
 DONE. Hash: aee077b2 | Git: CLEAN_TR
 -> [Φ] Forjando Iteración 91/10000...[!] Sensor Drift detectado: HTTP Error 429: Too Many Requests. Activando resiliencia estructural.
 DONE. Hash: 0d3dab5a | Git: CLEAN_TR
 -> [Φ] Forjando Iteración 92/10000...[!] Sensor Drift detectado: HTTP Error 429: Too Many Requests. Activando resiliencia estructural.
 DONE. Hash: 1f78b37b | Git: CLEAN_TR
 -> [Φ] Forjando Iteración 93/10000...[!] Sensor Drift detectado: HTTP Error 429: Too Many Requests. Activando resiliencia estructural.
 DONE. Hash: 87747df7 | Git: CLEAN_TR
 -> [Φ] Forjando Iteración 94/10000...[!] Sensor Drift detectado: HTTP Error 429: Too Many Requests. Activando resiliencia estructural.
 DONE. Hash: fc7e80df | Git: CLEAN_TR
 -> [Φ] Forjando Iteración 95/10000...[!] Sensor Drift detectado: HTTP Error 429: Too Many Requests. Activando resiliencia estructural.
 DONE. Hash: a77fa276 | Git: CLEAN_TR
 -> [Φ] Forjando Iteración 96/10000...[!] Sensor Drift detectado: HTTP Error 429: Too Many Requests. Activando resiliencia estructural.
 DONE. Hash: cb7a7cf9 | Git: CLEAN_TR
 -> [Φ] Forjando Iteración 97/10000...[!] Sensor Drift detectado: HTTP Error 429: Too Many Requests. Activando resiliencia estructural.
 DONE. Hash: 3ee7c21f | Git: CLEAN_TR
 -> [Φ] Forjando Iteración 98/10000...[!] Sensor Drift detectado: HTTP Error 429: Too Many Requests. Activando resiliencia estructural.
 DONE. Hash: c4ea39ad | Git: CLEAN_TR
 -> [Φ] Forjando Iteración 99/10000...[!] Sensor Drift detectado: HTTP Error 429: Too Many Requests. Activando resiliencia estructural.
 DONE. Hash: 6587c19e | Git: CLEAN_TR
 -> [Φ] Forjando Iteración 100/10000...[!] Sensor Drift detectado: HTTP Error 429: Too Many Requests. Activando resiliencia estructural.
 DONE. Hash: 6465e728 | Git: CLEAN_TR
 -> [Φ] Forjando Iteración 101/10000...[!] Sensor Drift detectado: HTTP Error 429: Too Many Requests. Activando resiliencia estructural.
 DONE. Hash: 4be5b1fd | Git: CLEAN_TR
 -> [Φ] Forjando Iteración 102/10000...[!] Sensor Drift detectado: HTTP Error 429: Too Many Requests. Activando resiliencia estructural.
 DONE. Hash: 52c7b8b1 | Git: CLEAN_TR
 -> [Φ] Forjando Iteración 103/10000...[!] Sensor Drift detectado: HTTP Error 429: Too Many Requests. Activando resiliencia estructural.
 DONE. Hash: 13b2370e | Git: CLEAN_TR
 -> [Φ] Forjando Iteración 104/10000...[!] Sensor Drift detectado: HTTP Error 429: Too Many Requests. Activando resiliencia estructural.
 DONE. Hash: 1a88d5b6 | Git: CLEAN_TR
 -> [Φ] Forjando Iteración 105/10000...[!] Sensor Drift detectado: HTTP Error 429: Too Many Requests. Activando resiliencia estructural.
 DONE. Hash: f75d107c | Git: CLEAN_TR
 -> [Φ] Forjando Iteración 106/10000...[!] Sensor Drift detectado: HTTP Error 429: Too Many Requests. Activando resiliencia estructural.
 DONE. Hash: 4fb20208 | Git: CLEAN_TR
 -> [Φ] Forjando Iteración 107/10000...[!] Sensor Drift detectado: HTTP Error 429: Too Many Requests. Activando resiliencia estructural.
 DONE. Hash: 22caa0e3 | Git: CLEAN_TR
 -> [Φ] Forjando Iteración 108/10000...[!] Sensor Drift detectado: HTTP Error 429: Too Many Requests. Activando resiliencia estructural.
 DONE. Hash: 311ea138 | Git: CLEAN_TR
 -> [Φ] Forjando Iteración 109/10000...[!] Sensor Drift detectado: HTTP Error 429: Too Many Requests. Activando resiliencia estructural.
 DONE. Hash: ee90c232 | Git: CLEAN_TR
 -> [Φ] Forjando Iteración 110/10000...[!] Sensor Drift detectado: HTTP Error 429: Too Many Requests. Activando resiliencia estructural.
 DONE. Hash: 61a479e5 | Git: CLEAN_TR
 -> [Φ] Forjando Iteración 111/10000...[!] Sensor Drift detectado: HTTP Error 429: Too Many Requests. Activando resiliencia estructural.
 DONE. Hash: 9120399f | Git: CLEAN_TR
 -> [Φ] Forjando Iteración 112/10000...[!] Sensor Drift detectado: HTTP Error 429: Too Many Requests. Activando resiliencia estructural.
 DONE. Hash: 788c9189 | Git: CLEAN_TR
 -> [Φ] Forjando Iteración 113/10000...[!] Sensor Drift detectado: HTTP Error 429: Too Many Requests. Activando resiliencia estructural.
 DONE. Hash: 98fe6cf6 | Git: CLEAN_TR
 -> [Φ] Forjando Iteración 114/10000...[!] Sensor Drift detectado: HTTP Error 429: Too Many Requests. Activando resiliencia estructural.
 DONE. Hash: 2f9bbdbf | Git: CLEAN_TR
 -> [Φ] Forjando Iteración 115/10000...[!] Sensor Drift detectado: HTTP Error 429: Too Many Requests. Activando resiliencia estructural.
 DONE. Hash: d3510e03 | Git: CLEAN_TR
 -> [Φ] Forjando Iteración 116/10000...[!] Sensor Drift detectado: HTTP Error 429: Too Many Requests. Activando resiliencia estructural.
 DONE. Hash: 734a602a | Git: CLEAN_TR
 -> [Φ] Forjando Iteración 117/10000...[!] Sensor Drift detectado: HTTP Error 429: Too Many Requests. Activando resiliencia estructural.
 DONE. Hash: 2bb9f4bb | Git: CLEAN_TR
 -> [Φ] Forjando Iteración 118/10000...[!] Sensor Drift detectado: HTTP Error 429: Too Many Requests. Activando resiliencia estructural.
 DONE. Hash: 33b86a06 | Git: CLEAN_TR
 -> [Φ] Forjando Iteración 119/10000...[!] Sensor Drift detectado: HTTP Error 429: Too Many Requests. Activando resiliencia estructural.
 DONE. Hash: effc1144 | Git: CLEAN_TR
 -> [Φ] Forjando Iteración 120/10000...[!] Sensor Drift detectado: HTTP Error 429: Too Many Requests. Activando resiliencia estructural.
 DONE. Hash: 5b422e5e | Git: CLEAN_TR
 -> [Φ] Forjando Iteración 121/10000...[!] Sensor Drift detectado: HTTP Error 429: Too Many Requests. Activando resiliencia estructural.
 DONE. Hash: 66283d4c | Git: CLEAN_TR
 -> [Φ] Forjando Iteración 122/10000...[!] Sensor Drift detectado: HTTP Error 429: Too Many Requests. Activando resiliencia estructural.
 DONE. Hash: 143061cb | Git: CLEAN_TR
 -> [Φ] Forjando Iteración 123/10000...[!] Sensor Drift detectado: HTTP Error 429: Too Many Requests. Activando resiliencia estructural.
 DONE. Hash: 9dc64165 | Git: CLEAN_TR
 -> [Φ] Forjando Iteración 124/10000...[!] Sensor Drift detectado: HTTP Error 429: Too Many Requests. Activando resiliencia estructural.
 DONE. Hash: f76a5268 | Git: CLEAN_TR
 -> [Φ] Forjando Iteración 125/10000...[!] Sensor Drift detectado: HTTP Error 429: Too Many Requests. Activando resiliencia estructural.
 DONE. Hash: 8f7e7d06 | Git: CLEAN_TR
 -> [Φ] Forjando Iteración 126/10000...[!] Sensor Drift detectado: HTTP Error 429: Too Many Requests. Activando resiliencia estructural.
 DONE. Hash: 397e408c | Git: CLEAN_TR
 -> [Φ] Forjando Iteración 127/10000...[!] Sensor Drift detectado: HTTP Error 429: Too Many Requests. Activando resiliencia estructural.
 DONE. Hash: 3f9ead3c | Git: CLEAN_TR
 -> [Φ] Forjando Iteración 128/10000...[!] Sensor Drift detectado: HTTP Error 429: Too Many Requests. Activando resiliencia estructural.
 DONE. Hash: 2d966468 | Git: CLEAN_TR
 -> [Φ] Forjando Iteración 129/10000...[!] Sensor Drift detectado: HTTP Error 429: Too Many Requests. Activando resiliencia estructural.
 DONE. Hash: 6032ab3d | Git: CLEAN_TR
 -> [Φ] Forjando Iteración 130/10000...[!] Sensor Drift detectado: HTTP Error 429: Too Many Requests. Activando resiliencia estructural.
 DONE. Hash: 1377e0b5 | Git: CLEAN_TR
 -> [Φ] Forjando Iteración 131/10000...[!] Sensor Drift detectado: HTTP Error 429: Too Many Requests. Activando resiliencia estructural.
 DONE. Hash: cd597903 | Git: CLEAN_TR
 -> [Φ] Forjando Iteración 132/10000...[!] Sensor Drift detectado: HTTP Error 429: Too Many Requests. Activando resiliencia estructural.
 DONE. Hash: f2046994 | Git: CLEAN_TR
 -> [Φ] Forjando Iteración 133/10000...[!] Sensor Drift detectado: HTTP Error 429: Too Many Requests. Activando resiliencia estructural.
 DONE. Hash: d0d43804 | Git: CLEAN_TR
 -> [Φ] Forjando Iteración 134/10000...[!] Sensor Drift detectado: HTTP Error 429: Too Many Requests. Activando resiliencia estructural.
 DONE. Hash: 86acf08f | Git: CLEAN_TR
 -> [Φ] Forjando Iteración 135/10000...[!] Sensor Drift detectado: HTTP Error 429: Too Many Requests. Activando resiliencia estructural.
 DONE. Hash: 4c8cb3ed | Git: CLEAN_TR
 -> [Φ] Forjando Iteración 136/10000...[!] Sensor Drift detectado: HTTP Error 429: Too Many Requests. Activando resiliencia estructural.
 DONE. Hash: 3d418a9e | Git: CLEAN_TR
 -> [Φ] Forjando Iteración 137/10000...[!] Sensor Drift detectado: HTTP Error 429: Too Many Requests. Activando resiliencia estructural.
 DONE. Hash: bd0f5d70 | Git: CLEAN_TR
 -> [Φ] Forjando Iteración 138/10000...[!] Sensor Drift detectado: HTTP Error 429: Too Many Requests. Activando resiliencia estructural.
 DONE. Hash: c29036b0 | Git: CLEAN_TR
 -> [Φ] Forjando Iteración 139/10000...[!] Sensor Drift detectado: HTTP Error 429: Too Many Requests. Activando resiliencia estructural.
 DONE. Hash: 5ed61e13 | Git: CLEAN_TR
 -> [Φ] Forjando Iteración 140/10000...[!] Sensor Drift detectado: HTTP Error 429: Too Many Requests. Activando resiliencia estructural.
 DONE. Hash: ff628156 | Git: CLEAN_TR
 -> [Φ] Forjando Iteración 141/10000...[!] Sensor Drift detectado: HTTP Error 429: Too Many Requests. Activando resiliencia estructural.
 DONE. Hash: 82e98bc8 | Git: CLEAN_TR
 -> [Φ] Forjando Iteración 142/10000...[!] Sensor Drift detectado: HTTP Error 429: Too Many Requests. Activando resiliencia estructural.
 DONE. Hash: 7b5aa25e | Git: CLEAN_TR
 -> [Φ] Forjando Iteración 143/10000...[!] Sensor Drift detectado: HTTP Error 429: Too Many Requests. Activando resiliencia estructural.
 DONE. Hash: d12ad6c3 | Git: CLEAN_TR
 -> [Φ] Forjando Iteración 144/10000...[!] Sensor Drift detectado: HTTP Error 429: Too Many Requests. Activando resiliencia estructural.
 DONE. Hash: 3afbef11 | Git: CLEAN_TR
 -> [Φ] Forjando Iteración 145/10000...[!] Sensor Drift detectado: HTTP Error 429: Too Many Requests. Activando resiliencia estructural.
 DONE. Hash: 06acf6de | Git: CLEAN_TR
 -> [Φ] Forjando Iteración 146/10000...[!] Sensor Drift detectado: HTTP Error 429: Too Many Requests. Activando resiliencia estructural.
 DONE. Hash: 54a2cf1d | Git: CLEAN_TR
 -> [Φ] Forjando Iteración 147/10000...[!] Sensor Drift detectado: HTTP Error 429: Too Many Requests. Activando resiliencia estructural.
 DONE. Hash: 13c9fafe | Git: CLEAN_TR
 -> [Φ] Forjando Iteración 148/10000...[!] Sensor Drift detectado: HTTP Error 429: Too Many Requests. Activando resiliencia estructural.
 DONE. Hash: c735fee3 | Git: CLEAN_TR
 -> [Φ] Forjando Iteración 149/10000...[!] Sensor Drift detectado: HTTP Error 429: Too Many Requests. Activando resiliencia estructural.
 DONE. Hash: 9a3d20ef | Git: CLEAN_TR
 -> [Φ] Forjando Iteración 150/10000...[!] Sensor Drift detectado: HTTP Error 429: Too Many Requests. Activando resiliencia estructural.
 DONE. Hash: b71f7839 | Git: CLEAN_TR
 -> [Φ] Forjando Iteración 151/10000...[!] Sensor Drift detectado: HTTP Error 429: Too Many Requests. Activando resiliencia estructural.
 DONE. Hash: 54501ea3 | Git: CLEAN_TR
 -> [Φ] Forjando Iteración 152/10000...[!] Sensor Drift detectado: HTTP Error 429: Too Many Requests. Activando resiliencia estructural.
 DONE. Hash: 30d5ed51 | Git: CLEAN_TR
 -> [Φ] Forjando Iteración 153/10000...[!] Sensor Drift detectado: HTTP Error 429: Too Many Requests. Activando resiliencia estructural.
 DONE. Hash: dd28c4c1 | Git: CLEAN_TR
 -> [Φ] Forjando Iteración 154/10000...[!] Sensor Drift detectado: HTTP Error 429: Too Many Requests. Activando resiliencia estructural.
 DONE. Hash: c74352f9 | Git: CLEAN_TR
 -> [Φ] Forjando Iteración 155/10000...[!] Sensor Drift detectado: HTTP Error 429: Too Many Requests. Activando resiliencia estructural.
 DONE. Hash: 3f4935b2 | Git: CLEAN_TR
 -> [Φ] Forjando Iteración 156/10000...[!] Sensor Drift detectado: HTTP Error 429: Too Many Requests. Activando resiliencia estructural.
 DONE. Hash: c675aade | Git: CLEAN_TR
 -> [Φ] Forjando Iteración 157/10000...[!] Sensor Drift detectado: HTTP Error 429: Too Many Requests. Activando resiliencia estructural.
 DONE. Hash: 6208b0d8 | Git: CLEAN_TR
 -> [Φ] Forjando Iteración 158/10000...[!] Sensor Drift detectado: HTTP Error 429: Too Many Requests. Activando resiliencia estructural.
 DONE. Hash: 0d61d413 | Git: CLEAN_TR
 -> [Φ] Forjando Iteración 159/10000...[!] Sensor Drift detectado: HTTP Error 429: Too Many Requests. Activando resiliencia estructural.
 DONE. Hash: 5240e634 | Git: CLEAN_TR
 -> [Φ] Forjando Iteración 160/10000...[!] Sensor Drift detectado: HTTP Error 429: Too Many Requests. Activando resiliencia estructural.
 DONE. Hash: 95a0b0ba | Git: CLEAN_TR
 -> [Φ] Forjando Iteración 161/10000...[!] Sensor Drift detectado: HTTP Error 429: Too Many Requests. Activando resiliencia estructural.
 DONE. Hash: 66dc88bb | Git: CLEAN_TR
 -> [Φ] Forjando Iteración 162/10000...[!] Sensor Drift detectado: HTTP Error 429: Too Many Requests. Activando resiliencia estructural.
 DONE. Hash: 658da467 | Git: CLEAN_TR
 -> [Φ] Forjando Iteración 163/10000...[!] Sensor Drift detectado: HTTP Error 429: Too Many Requests. Activando resiliencia estructural.
 DONE. Hash: 044160ef | Git: CLEAN_TR
 -> [Φ] Forjando Iteración 164/10000...[!] Sensor Drift detectado: HTTP Error 429: Too Many Requests. Activando resiliencia estructural.
 DONE. Hash: 6d593b1a | Git: CLEAN_TR
 -> [Φ] Forjando Iteración 165/10000...[!] Sensor Drift detectado: HTTP Error 429: Too Many Requests. Activando resiliencia estructural.
 DONE. Hash: aae04f0a | Git: CLEAN_TR
 -> [Φ] Forjando Iteración 166/10000...[!] Sensor Drift detectado: HTTP Error 429: Too Many Requests. Activando resiliencia estructural.
 DONE. Hash: f789f385 | Git: CLEAN_TR
 -> [Φ] Forjando Iteración 167/10000...[!] Sensor Drift detectado: HTTP Error 429: Too Many Requests. Activando resiliencia estructural.
 DONE. Hash: c9700019 | Git: CLEAN_TR
 -> [Φ] Forjando Iteración 168/10000...[!] Sensor Drift detectado: HTTP Error 429: Too Many Requests. Activando resiliencia estructural.
 DONE. Hash: 94b21735 | Git: CLEAN_TR
 -> [Φ] Forjando Iteración 169/10000...[!] Sensor Drift detectado: HTTP Error 429: Too Many Requests. Activando resiliencia estructural.
 DONE. Hash: 9bb02d4a | Git: CLEAN_TR
 -> [Φ] Forjando Iteración 170/10000...[!] Sensor Drift detectado: HTTP Error 429: Too Many Requests. Activando resiliencia estructural.
 DONE. Hash: 55f8d923 | Git: CLEAN_TR
 -> [Φ] Forjando Iteración 171/10000...[!] Sensor Drift detectado: HTTP Error 429: Too Many Requests. Activando resiliencia estructural.
 DONE. Hash: dfabf9d0 | Git: CLEAN_TR
 -> [Φ] Forjando Iteración 172/10000...[!] Sensor Drift detectado: HTTP Error 429: Too Many Requests. Activando resiliencia estructural.
 DONE. Hash: 8e6088c7 | Git: CLEAN_TR
 -> [Φ] Forjando Iteración 173/10000...[!] Sensor Drift detectado: HTTP Error 429: Too Many Requests. Activando resiliencia estructural.
 DONE. Hash: 8fa39ec9 | Git: CLEAN_TR
 -> [Φ] Forjando Iteración 174/10000...[!] Sensor Drift detectado: HTTP Error 429: Too Many Requests. Activando resiliencia estructural.
 DONE. Hash: cbd3b6a2 | Git: CLEAN_TR
 -> [Φ] Forjando Iteración 175/10000...[!] Sensor Drift detectado: HTTP Error 429: Too Many Requests. Activando resiliencia estructural.
 DONE. Hash: 25a3b5a9 | Git: CLEAN_TR
 -> [Φ] Forjando Iteración 176/10000...[!] Sensor Drift detectado: HTTP Error 429: Too Many Requests. Activando resiliencia estructural.
 DONE. Hash: ad723687 | Git: CLEAN_TR
 -> [Φ] Forjando Iteración 177/10000...[!] Sensor Drift detectado: HTTP Error 429: Too Many Requests. Activando resiliencia estructural.
 DONE. Hash: b14585e0 | Git: CLEAN_TR
 -> [Φ] Forjando Iteración 178/10000...[!] Sensor Drift detectado: HTTP Error 429: Too Many Requests. Activando resiliencia estructural.
 DONE. Hash: ebe4d9e3 | Git: CLEAN_TR
 -> [Φ] Forjando Iteración 179/10000...[!] Sensor Drift detectado: HTTP Error 429: Too Many Requests. Activando resiliencia estructural.
 DONE. Hash: d2dc276f | Git: CLEAN_TR
 -> [Φ] Forjando Iteración 180/10000...[!] Sensor Drift detectado: HTTP Error 429: Too Many Requests. Activando resiliencia estructural.
 DONE. Hash: dfe18886 | Git: CLEAN_TR
 -> [Φ] Forjando Iteración 181/10000...[!] Sensor Drift detectado: HTTP Error 429: Too Many Requests. Activando resiliencia estructural.
 DONE. Hash: b26ab984 | Git: CLEAN_TR
 -> [Φ] Forjando Iteración 182/10000...[!] Sensor Drift detectado: HTTP Error 429: Too Many Requests. Activando resiliencia estructural.
 DONE. Hash: 15ac278e | Git: CLEAN_TR
 -> [Φ] Forjando Iteración 183/10000...[!] Sensor Drift detectado: HTTP Error 429: Too Many Requests. Activando resiliencia estructural.
 DONE. Hash: 8141f70c | Git: CLEAN_TR
 -> [Φ] Forjando Iteración 184/10000...[!] Sensor Drift detectado: HTTP Error 429: Too Many Requests. Activando resiliencia estructural.
 DONE. Hash: 0131625d | Git: CLEAN_TR
 -> [Φ] Forjando Iteración 185/10000...[!] Sensor Drift detectado: HTTP Error 429: Too Many Requests. Activando resiliencia estructural.
 DONE. Hash: 70bf71e3 | Git: CLEAN_TR
 -> [Φ] Forjando Iteración 186/10000...[!] Sensor Drift detectado: HTTP Error 429: Too Many Requests. Activando resiliencia estructural.
 DONE. Hash: a68cd47b | Git: CLEAN_TR
 -> [Φ] Forjando Iteración 187/10000...[!] Sensor Drift detectado: HTTP Error 429: Too Many Requests. Activando resiliencia estructural.
 DONE. Hash: 9dc6f677 | Git: CLEAN_TR
 -> [Φ] Forjando Iteración 188/10000...[!] Sensor Drift detectado: HTTP Error 429: Too Many Requests. Activando resiliencia estructural.
 DONE. Hash: ff4c9307 | Git: CLEAN_TR
 -> [Φ] Forjando Iteración 189/10000...[!] Sensor Drift detectado: HTTP Error 429: Too Many Requests. Activando resiliencia estructural.
 DONE. Hash: d27cd4b9 | Git: CLEAN_TR
 -> [Φ] Forjando Iteración 190/10000...[!] Sensor Drift detectado: HTTP Error 429: Too Many Requests. Activando resiliencia estructural.
 DONE. Hash: e1bc5da2 | Git: CLEAN_TR
 -> [Φ] Forjando Iteración 191/10000...[!] Sensor Drift detectado: HTTP Error 429: Too Many Requests. Activando resiliencia estructural.
 DONE. Hash: a044cccd | Git: CLEAN_TR
 -> [Φ] Forjando Iteración 192/10000...[!] Sensor Drift detectado: HTTP Error 429: Too Many Requests. Activando resiliencia estructural.
 DONE. Hash: 5fe750bd | Git: CLEAN_TR
 -> [Φ] Forjando Iteración 193/10000...[!] Sensor Drift detectado: HTTP Error 429: Too Many Requests. Activando resiliencia estructural.
 DONE. Hash: 90ce23cb | Git: CLEAN_TR
 -> [Φ] Forjando Iteración 194/10000...[!] Sensor Drift detectado: HTTP Error 429: Too Many Requests. Activando resiliencia estructural.
 DONE. Hash: 95742d09 | Git: CLEAN_TR
 -> [Φ] Forjando Iteración 195/10000...[!] Sensor Drift detectado: HTTP Error 429: Too Many Requests. Activando resiliencia estructural.
 DONE. Hash: ed7e8adb | Git: CLEAN_TR
 -> [Φ] Forjando Iteración 196/10000...[!] Sensor Drift detectado: HTTP Error 429: Too Many Requests. Activando resiliencia estructural.
 DONE. Hash: dd4d9bd6 | Git: CLEAN_TR
 -> [Φ] Forjando Iteración 197/10000...[!] Sensor Drift detectado: HTTP Error 429: Too Many Requests. Activando resiliencia estructural.
 DONE. Hash: bc7a08a1 | Git: CLEAN_TR
 -> [Φ] Forjando Iteración 198/10000...[!] Sensor Drift detectado: HTTP Error 429: Too Many Requests. Activando resiliencia estructural.
 DONE. Hash: 73d849e8 | Git: CLEAN_TR
 -> [Φ] Forjando Iteración 199/10000...[!] Sensor Drift detectado: HTTP Error 429: Too Many Requests. Activando resiliencia estructural.
 DONE. Hash: 301da6ff | Git: CLEAN_TR
 -> [Φ] Forjando Iteración 200/10000...[!] Sensor Drift detectado: HTTP Error 429: Too Many Requests. Activando resiliencia estructural.
 DONE. Hash: 63e8958b | Git: CLEAN_TR
 -> [Φ] Forjando Iteración 201/10000...[!] Sensor Drift detectado: HTTP Error 429: Too Many Requests. Activando resiliencia estructural.
 DONE. Hash: ca143f5f | Git: CLEAN_TR
 -> [Φ] Forjando Iteración 202/10000...[!] Sensor Drift detectado: HTTP Error 429: Too Many Requests. Activando resiliencia estructural.
 DONE. Hash: 7375e638 | Git: CLEAN_TR
 -> [Φ] Forjando Iteración 203/10000...[!] Sensor Drift detectado: HTTP Error 429: Too Many Requests. Activando resiliencia estructural.
 DONE. Hash: 34c69aff | Git: CLEAN_TR
 -> [Φ] Forjando Iteración 204/10000...[!] Sensor Drift detectado: HTTP Error 429: Too Many Requests. Activando resiliencia estructural.
 DONE. Hash: 0d776a83 | Git: CLEAN_TR
 -> [Φ] Forjando Iteración 205/10000...[!] Sensor Drift detectado: HTTP Error 429: Too Many Requests. Activando resiliencia estructural.
 DONE. Hash: 47edb67d | Git: CLEAN_TR
 -> [Φ] Forjando Iteración 206/10000...[!] Sensor Drift detectado: HTTP Error 429: Too Many Requests. Activando resiliencia estructural.
 DONE. Hash: 4d87e229 | Git: CLEAN_TR
 -> [Φ] Forjando Iteración 207/10000...[!] Sensor Drift detectado: HTTP Error 429: Too Many Requests. Activando resiliencia estructural.
 DONE. Hash: 8f647c12 | Git: CLEAN_TR
 -> [Φ] Forjando Iteración 208/10000...[!] Sensor Drift detectado: HTTP Error 429: Too Many Requests. Activando resiliencia estructural.
 DONE. Hash: 8d8db42d | Git: CLEAN_TR
 -> [Φ] Forjando Iteración 209/10000...[!] Sensor Drift detectado: HTTP Error 429: Too Many Requests. Activando resiliencia estructural.
 DONE. Hash: 4dd9efd0 | Git: CLEAN_TR
 -> [Φ] Forjando Iteración 210/10000...[!] Sensor Drift detectado: HTTP Error 429: Too Many Requests. Activando resiliencia estructural.
 DONE. Hash: 03cbf483 | Git: CLEAN_TR
 -> [Φ] Forjando Iteración 211/10000...[!] Sensor Drift detectado: HTTP Error 429: Too Many Requests. Activando resiliencia estructural.
 DONE. Hash: 419819a7 | Git: CLEAN_TR
 -> [Φ] Forjando Iteración 212/10000...[!] Sensor Drift detectado: HTTP Error 429: Too Many Requests. Activando resiliencia estructural.
 DONE. Hash: a5ce58f1 | Git: CLEAN_TR
 -> [Φ] Forjando Iteración 213/10000...[!] Sensor Drift detectado: HTTP Error 429: Too Many Requests. Activando resiliencia estructural.
 DONE. Hash: 20b61962 | Git: CLEAN_TR
 -> [Φ] Forjando Iteración 214/10000...[!] Sensor Drift detectado: HTTP Error 429: Too Many Requests. Activando resiliencia estructural.
 DONE. Hash: 632a4090 | Git: CLEAN_TR
 -> [Φ] Forjando Iteración 215/10000...[!] Sensor Drift detectado: HTTP Error 429: Too Many Requests. Activando resiliencia estructural.
 DONE. Hash: 9773f9b5 | Git: CLEAN_TR
 -> [Φ] Forjando Iteración 216/10000...[!] Sensor Drift detectado: HTTP Error 429: Too Many Requests. Activando resiliencia estructural.
 DONE. Hash: e278fe64 | Git: CLEAN_TR
 -> [Φ] Forjando Iteración 217/10000...[!] Sensor Drift detectado: HTTP Error 429: Too Many Requests. Activando resiliencia estructural.
 DONE. Hash: 36a57b37 | Git: CLEAN_TR
 -> [Φ] Forjando Iteración 218/10000...[!] Sensor Drift detectado: HTTP Error 429: Too Many Requests. Activando resiliencia estructural.
 DONE. Hash: ac7a36ff | Git: CLEAN_TR
 -> [Φ] Forjando Iteración 219/10000...[!] Sensor Drift detectado: HTTP Error 429: Too Many Requests. Activando resiliencia estructural.
 DONE. Hash: 8e915956 | Git: CLEAN_TR
 -> [Φ] Forjando Iteración 220/10000...[!] Sensor Drift detectado: HTTP Error 429: Too Many Requests. Activando resiliencia estructural.
 DONE. Hash: e29e8191 | Git: CLEAN_TR
 -> [Φ] Forjando Iteración 221/10000...[!] Sensor Drift detectado: HTTP Error 429: Too Many Requests. Activando resiliencia estructural.
 DONE. Hash: d70e0210 | Git: CLEAN_TR
 -> [Φ] Forjando Iteración 222/10000...[!] Sensor Drift detectado: HTTP Error 429: Too Many Requests. Activando resiliencia estructural.
 DONE. Hash: 1a5cb907 | Git: CLEAN_TR
 -> [Φ] Forjando Iteración 223/10000...[!] Sensor Drift detectado: HTTP Error 429: Too Many Requests. Activando resiliencia estructural.
 DONE. Hash: cb089d5b | Git: CLEAN_TR
 -> [Φ] Forjando Iteración 224/10000...[!] Sensor Drift detectado: HTTP Error 429: Too Many Requests. Activando resiliencia estructural.
 DONE. Hash: 4afdeeeb | Git: CLEAN_TR
 -> [Φ] Forjando Iteración 225/10000...[!] Sensor Drift detectado: HTTP Error 429: Too Many Requests. Activando resiliencia estructural.
 DONE. Hash: dafbc9f9 | Git: CLEAN_TR
 -> [Φ] Forjando Iteración 226/10000...[!] Sensor Drift detectado: HTTP Error 429: Too Many Requests. Activando resiliencia estructural.
 DONE. Hash: f7da6c52 | Git: CLEAN_TR
 -> [Φ] Forjando Iteración 227/10000...[!] Sensor Drift detectado: HTTP Error 429: Too Many Requests. Activando resiliencia estructural.
 DONE. Hash: cb4a6009 | Git: CLEAN_TR
 -> [Φ] Forjando Iteración 228/10000...[!] Sensor Drift detectado: HTTP Error 429: Too Many Requests. Activando resiliencia estructural.
 DONE. Hash: edada05a | Git: CLEAN_TR
 -> [Φ] Forjando Iteración 229/10000...[!] Sensor Drift detectado: HTTP Error 429: Too Many Requests. Activando resiliencia estructural.
 DONE. Hash: faff27dd | Git: CLEAN_TR
 -> [Φ] Forjando Iteración 230/10000...[!] Sensor Drift detectado: HTTP Error 429: Too Many Requests. Activando resiliencia estructural.
 DONE. Hash: ea47f987 | Git: CLEAN_TR
 -> [Φ] Forjando Iteración 231/10000...[!] Sensor Drift detectado: HTTP Error 429: Too Many Requests. Activando resiliencia estructural.
 DONE. Hash: 8f32dbb5 | Git: CLEAN_TR
 -> [Φ] Forjando Iteración 232/10000...[!] Sensor Drift detectado: HTTP Error 429: Too Many Requests. Activando resiliencia estructural.
 DONE. Hash: 13b8552b | Git: CLEAN_TR
 -> [Φ] Forjando Iteración 233/10000...[!] Sensor Drift detectado: HTTP Error 429: Too Many Requests. Activando resiliencia estructural.
 DONE. Hash: a71372a2 | Git: CLEAN_TR
 -> [Φ] Forjando Iteración 234/10000...[!] Sensor Drift detectado: HTTP Error 429: Too Many Requests. Activando resiliencia estructural.
 DONE. Hash: aa658306 | Git: CLEAN_TR
 -> [Φ] Forjando Iteración 235/10000...[!] Sensor Drift detectado: HTTP Error 429: Too Many Requests. Activando resiliencia estructural.
 DONE. Hash: 658dd832 | Git: CLEAN_TR
 -> [Φ] Forjando Iteración 236/10000...[!] Sensor Drift detectado: HTTP Error 429: Too Many Requests. Activando resiliencia estructural.
 DONE. Hash: 7ae2748b | Git: CLEAN_TR
 -> [Φ] Forjando Iteración 237/10000...[!] Sensor Drift detectado: HTTP Error 429: Too Many Requests. Activando resiliencia estructural.
 DONE. Hash: 40ba1c91 | Git: CLEAN_TR
 -> [Φ] Forjando Iteración 238/10000...[!] Sensor Drift detectado: HTTP Error 429: Too Many Requests. Activando resiliencia estructural.
 DONE. Hash: 24baf4f7 | Git: CLEAN_TR
 -> [Φ] Forjando Iteración 239/10000...[!] Sensor Drift detectado: HTTP Error 429: Too Many Requests. Activando resiliencia estructural.
 DONE. Hash: 76238684 | Git: CLEAN_TR
 -> [Φ] Forjando Iteración 240/10000...[!] Sensor Drift detectado: HTTP Error 429: Too Many Requests. Activando resiliencia estructural.
 DONE. Hash: 273fde33 | Git: CLEAN_TR
 -> [Φ] Forjando Iteración 241/10000...[!] Sensor Drift detectado: HTTP Error 429: Too Many Requests. Activando resiliencia estructural.
 DONE. Hash: af8df80e | Git: CLEAN_TR
 -> [Φ] Forjando Iteración 242/10000...[!] Sensor Drift detectado: HTTP Error 429: Too Many Requests. Activando resiliencia estructural.
 DONE. Hash: b3cb6615 | Git: CLEAN_TR
 -> [Φ] Forjando Iteración 243/10000...[!] Sensor Drift detectado: HTTP Error 429: Too Many Requests. Activando resiliencia estructural.
 DONE. Hash: 2e091f0f | Git: CLEAN_TR
 -> [Φ] Forjando Iteración 244/10000...[!] Sensor Drift detectado: HTTP Error 429: Too Many Requests. Activando resiliencia estructural.
 DONE. Hash: 6632305e | Git: CLEAN_TR
 -> [Φ] Forjando Iteración 245/10000...[!] Sensor Drift detectado: HTTP Error 429: Too Many Requests. Activando resiliencia estructural.
 DONE. Hash: d602f945 | Git: CLEAN_TR
 -> [Φ] Forjando Iteración 246/10000...[!] Sensor Drift detectado: HTTP Error 429: Too Many Requests. Activando resiliencia estructural.
 DONE. Hash: 4a670729 | Git: CLEAN_TR
 -> [Φ] Forjando Iteración 247/10000...[!] Sensor Drift detectado: HTTP Error 429: Too Many Requests. Activando resiliencia estructural.
 DONE. Hash: 97564035 | Git: CLEAN_TR
 -> [Φ] Forjando Iteración 248/10000...[!] Sensor Drift detectado: HTTP Error 429: Too Many Requests. Activando resiliencia estructural.
 DONE. Hash: 0af28916 | Git: CLEAN_TR
 -> [Φ] Forjando Iteración 249/10000...[!] Sensor Drift detectado: HTTP Error 429: Too Many Requests. Activando resiliencia estructural.
 DONE. Hash: 0f4ac40f | Git: CLEAN_TR
 -> [Φ] Forjando Iteración 250/10000...[!] Sensor Drift detectado: HTTP Error 429: Too Many Requests. Activando resiliencia estructural.
 DONE. Hash: 3bc2e1ca | Git: CLEAN_TR
 -> [Φ] Forjando Iteración 251/10000...[!] Sensor Drift detectado: HTTP Error 429: Too Many Requests. Activando resiliencia estructural.
 DONE. Hash: fadccba9 | Git: CLEAN_TR
 -> [Φ] Forjando Iteración 252/10000...[!] Sensor Drift detectado: HTTP Error 429: Too Many Requests. Activando resiliencia estructural.
 DONE. Hash: 536b4507 | Git: CLEAN_TR
 -> [Φ] Forjando Iteración 253/10000...[!] Sensor Drift detectado: HTTP Error 429: Too Many Requests. Activando resiliencia estructural.
 DONE. Hash: df476e3a | Git: CLEAN_TR
 -> [Φ] Forjando Iteración 254/10000...[!] Sensor Drift detectado: HTTP Error 429: Too Many Requests. Activando resiliencia estructural.
 DONE. Hash: 55f00f79 | Git: CLEAN_TR
 -> [Φ] Forjando Iteración 255/10000...[!] Sensor Drift detectado: HTTP Error 429: Too Many Requests. Activando resiliencia estructural.
 DONE. Hash: 0f2f6583 | Git: CLEAN_TR
 -> [Φ] Forjando Iteración 256/10000...[!] Sensor Drift detectado: HTTP Error 429: Too Many Requests. Activando resiliencia estructural.
 DONE. Hash: aed7909a | Git: CLEAN_TR
 -> [Φ] Forjando Iteración 257/10000...[!] Sensor Drift detectado: HTTP Error 429: Too Many Requests. Activando resiliencia estructural.
 DONE. Hash: dd4a3d06 | Git: CLEAN_TR
 -> [Φ] Forjando Iteración 258/10000...[!] Sensor Drift detectado: HTTP Error 429: Too Many Requests. Activando resiliencia estructural.
 DONE. Hash: 85e17e31 | Git: CLEAN_TR
 -> [Φ] Forjando Iteración 259/10000...[!] Sensor Drift detectado: HTTP Error 429: Too Many Requests. Activando resiliencia estructural.
 DONE. Hash: 68d39528 | Git: CLEAN_TR
 -> [Φ] Forjando Iteración 260/10000...[!] Sensor Drift detectado: HTTP Error 429: Too Many Requests. Activando resiliencia estructural.
 DONE. Hash: 52f592c5 | Git: CLEAN_TR
 -> [Φ] Forjando Iteración 261/10000...[!] Sensor Drift detectado: HTTP Error 429: Too Many Requests. Activando resiliencia estructural.
 DONE. Hash: d2c40e4b | Git: CLEAN_TR
 -> [Φ] Forjando Iteración 262/10000...[!] Sensor Drift detectado: HTTP Error 429: Too Many Requests. Activando resiliencia estructural.
 DONE. Hash: c96b2198 | Git: CLEAN_TR
 -> [Φ] Forjando Iteración 263/10000...[!] Sensor Drift detectado: HTTP Error 429: Too Many Requests. Activando resiliencia estructural.
 DONE. Hash: 5b19125b | Git: CLEAN_TR
 -> [Φ] Forjando Iteración 264/10000...[!] Sensor Drift detectado: HTTP Error 429: Too Many Requests. Activando resiliencia estructural.
 DONE. Hash: e0ac13f4 | Git: CLEAN_TR
 -> [Φ] Forjando Iteración 265/10000...[!] Sensor Drift detectado: HTTP Error 429: Too Many Requests. Activando resiliencia estructural.
 DONE. Hash: 1ae5ea63 | Git: CLEAN_TR
 -> [Φ] Forjando Iteración 266/10000...[!] Sensor Drift detectado: HTTP Error 429: Too Many Requests. Activando resiliencia estructural.
 DONE. Hash: 9095fac1 | Git: CLEAN_TR
 -> [Φ] Forjando Iteración 267/10000...[!] Sensor Drift detectado: HTTP Error 429: Too Many Requests. Activando resiliencia estructural.
 DONE. Hash: 08af1d1f | Git: CLEAN_TR
 -> [Φ] Forjando Iteración 268/10000...[!] Sensor Drift detectado: HTTP Error 429: Too Many Requests. Activando resiliencia estructural.
 DONE. Hash: e2e42f95 | Git: CLEAN_TR
 -> [Φ] Forjando Iteración 269/10000...[!] Sensor Drift detectado: HTTP Error 429: Too Many Requests. Activando resiliencia estructural.
 DONE. Hash: d6ef1bad | Git: CLEAN_TR
 -> [Φ] Forjando Iteración 270/10000...[!] Sensor Drift detectado: HTTP Error 429: Too Many Requests. Activando resiliencia estructural.
 DONE. Hash: 74409922 | Git: CLEAN_TR
 -> [Φ] Forjando Iteración 271/10000...[!] Sensor Drift detectado: HTTP Error 429: Too Many Requests. Activando resiliencia estructural.
 DONE. Hash: 462f8bb8 | Git: CLEAN_TR
 -> [Φ] Forjando Iteración 272/10000...[!] Sensor Drift detectado: HTTP Error 429: Too Many Requests. Activando resiliencia estructural.
 DONE. Hash: fef4e98f | Git: CLEAN_TR
 -> [Φ] Forjando Iteración 273/10000...[!] Sensor Drift detectado: HTTP Error 429: Too Many Requests. Activando resiliencia estructural.
 DONE. Hash: f443da92 | Git: CLEAN_TR
 -> [Φ] Forjando Iteración 274/10000...[!] Sensor Drift detectado: HTTP Error 429: Too Many Requests. Activando resiliencia estructural.
 DONE. Hash: 67753f04 | Git: CLEAN_TR
 -> [Φ] Forjando Iteración 275/10000...[!] Sensor Drift detectado: HTTP Error 429: Too Many Requests. Activando resiliencia estructural.
 DONE. Hash: 39f49bd3 | Git: CLEAN_TR
 -> [Φ] Forjando Iteración 276/10000...[!] Sensor Drift detectado: HTTP Error 429: Too Many Requests. Activando resiliencia estructural.
 DONE. Hash: bd01d39b | Git: CLEAN_TR
 -> [Φ] Forjando Iteración 277/10000...[!] Sensor Drift detectado: HTTP Error 429: Too Many Requests. Activando resiliencia estructural.
 DONE. Hash: c863ff27 | Git: CLEAN_TR
 -> [Φ] Forjando Iteración 278/10000...[!] Sensor Drift detectado: HTTP Error 429: Too Many Requests. Activando resiliencia estructural.
 DONE. Hash: 30529342 | Git: CLEAN_TR
 -> [Φ] Forjando Iteración 279/10000...[!] Sensor Drift detectado: HTTP Error 429: Too Many Requests. Activando resiliencia estructural.
 DONE. Hash: c88bba29 | Git: CLEAN_TR
 -> [Φ] Forjando Iteración 280/10000...[!] Sensor Drift detectado: HTTP Error 429: Too Many Requests. Activando resiliencia estructural.
 DONE. Hash: c055693f | Git: CLEAN_TR
 -> [Φ] Forjando Iteración 281/10000...[!] Sensor Drift detectado: HTTP Error 429: Too Many Requests. Activando resiliencia estructural.
 DONE. Hash: e1b1e64f | Git: CLEAN_TR
 -> [Φ] Forjando Iteración 282/10000...[!] Sensor Drift detectado: HTTP Error 429: Too Many Requests. Activando resiliencia estructural.
 DONE. Hash: d88ef72c | Git: CLEAN_TR
 -> [Φ] Forjando Iteración 283/10000...[!] Sensor Drift detectado: HTTP Error 429: Too Many Requests. Activando resiliencia estructural.
 DONE. Hash: fb79d854 | Git: CLEAN_TR
 -> [Φ] Forjando Iteración 284/10000...[!] Sensor Drift detectado: HTTP Error 429: Too Many Requests. Activando resiliencia estructural.
 DONE. Hash: 5c173bbc | Git: CLEAN_TR
 -> [Φ] Forjando Iteración 285/10000...[!] Sensor Drift detectado: HTTP Error 429: Too Many Requests. Activando resiliencia estructural.
 DONE. Hash: 45f6ed1e | Git: CLEAN_TR
 -> [Φ] Forjando Iteración 286/10000...[!] Sensor Drift detectado: HTTP Error 429: Too Many Requests. Activando resiliencia estructural.
 DONE. Hash: 890fa36e | Git: CLEAN_TR
 -> [Φ] Forjando Iteración 287/10000...[!] Sensor Drift detectado: HTTP Error 429: Too Many Requests. Activando resiliencia estructural.
 DONE. Hash: e98a94a1 | Git: CLEAN_TR
 -> [Φ] Forjando Iteración 288/10000...[!] Sensor Drift detectado: HTTP Error 429: Too Many Requests. Activando resiliencia estructural.
 DONE. Hash: 980ffc6d | Git: CLEAN_TR
 -> [Φ] Forjando Iteración 289/10000...[!] Sensor Drift detectado: HTTP Error 429: Too Many Requests. Activando resiliencia estructural.
 DONE. Hash: 3b14f307 | Git: CLEAN_TR
 -> [Φ] Forjando Iteración 290/10000...[!] Sensor Drift detectado: HTTP Error 429: Too Many Requests. Activando resiliencia estructural.
 DONE. Hash: 4ac5733e | Git: CLEAN_TR
 -> [Φ] Forjando Iteración 291/10000...[!] Sensor Drift detectado: HTTP Error 429: Too Many Requests. Activando resiliencia estructural.
 DONE. Hash: e18a66b4 | Git: CLEAN_TR
 -> [Φ] Forjando Iteración 292/10000...[!] Sensor Drift detectado: HTTP Error 429: Too Many Requests. Activando resiliencia estructural.
 DONE. Hash: da6dfefa | Git: CLEAN_TR
 -> [Φ] Forjando Iteración 293/10000...[!] Sensor Drift detectado: HTTP Error 429: Too Many Requests. Activando resiliencia estructural.
 DONE. Hash: e8f74901 | Git: CLEAN_TR
 -> [Φ] Forjando Iteración 294/10000...[!] Sensor Drift detectado: HTTP Error 429: Too Many Requests. Activando resiliencia estructural.
 DONE. Hash: 6aa4ce5b | Git: CLEAN_TR
 -> [Φ] Forjando Iteración 295/10000...[!] Sensor Drift detectado: HTTP Error 429: Too Many Requests. Activando resiliencia estructural.
 DONE. Hash: e1ff5f79 | Git: CLEAN_TR
 -> [Φ] Forjando Iteración 296/10000...[!] Sensor Drift detectado: HTTP Error 429: Too Many Requests. Activando resiliencia estructural.
 DONE. Hash: 80446914 | Git: CLEAN_TR
 -> [Φ] Forjando Iteración 297/10000...[!] Sensor Drift detectado: HTTP Error 429: Too Many Requests. Activando resiliencia estructural.
 DONE. Hash: 0cdd47f1 | Git: CLEAN_TR
 -> [Φ] Forjando Iteración 298/10000...[!] Sensor Drift detectado: HTTP Error 429: Too Many Requests. Activando resiliencia estructural.
 DONE. Hash: a9d59e43 | Git: CLEAN_TR
 -> [Φ] Forjando Iteración 299/10000...[!] Sensor Drift detectado: HTTP Error 429: Too Many Requests. Activando resiliencia estructural.
 DONE. Hash: d6d0bd31 | Git: CLEAN_TR
 -> [Φ] Forjando Iteración 300/10000...[!] Sensor Drift detectado: HTTP Error 429: Too Many Requests. Activando resiliencia estructural.
 DONE. Hash: 2f9a21fa | Git: CLEAN_TR
 -> [Φ] Forjando Iteración 301/10000...[!] Sensor Drift detectado: HTTP Error 429: Too Many Requests. Activando resiliencia estructural.
 DONE. Hash: 163ceff5 | Git: CLEAN_TR
 -> [Φ] Forjando Iteración 302/10000...[!] Sensor Drift detectado: HTTP Error 429: Too Many Requests. Activando resiliencia estructural.
 DONE. Hash: 8d5a2ad2 | Git: CLEAN_TR
 -> [Φ] Forjando Iteración 303/10000...[!] Sensor Drift detectado: HTTP Error 429: Too Many Requests. Activando resiliencia estructural.
 DONE. Hash: e95360c1 | Git: CLEAN_TR
 -> [Φ] Forjando Iteración 304/10000...[!] Sensor Drift detectado: HTTP Error 429: Too Many Requests. Activando resiliencia estructural.
 DONE. Hash: 4de6ab68 | Git: CLEAN_TR
 -> [Φ] Forjando Iteración 305/10000...[!] Sensor Drift detectado: HTTP Error 429: Too Many Requests. Activando resiliencia estructural.
 DONE. Hash: 2900a2da | Git: CLEAN_TR
 -> [Φ] Forjando Iteración 306/10000...[!] Sensor Drift detectado: HTTP Error 429: Too Many Requests. Activando resiliencia estructural.
 DONE. Hash: d1e77c87 | Git: CLEAN_TR
 -> [Φ] Forjando Iteración 307/10000...[!] Sensor Drift detectado: HTTP Error 429: Too Many Requests. Activando resiliencia estructural.
 DONE. Hash: 3f3910e2 | Git: CLEAN_TR
 -> [Φ] Forjando Iteración 308/10000...[!] Sensor Drift detectado: HTTP Error 429: Too Many Requests. Activando resiliencia estructural.
 DONE. Hash: 4dabc6b1 | Git: CLEAN_TR
 -> [Φ] Forjando Iteración 309/10000...[!] Sensor Drift detectado: HTTP Error 429: Too Many Requests. Activando resiliencia estructural.
 DONE. Hash: 553db707 | Git: CLEAN_TR
 -> [Φ] Forjando Iteración 310/10000...[!] Sensor Drift detectado: HTTP Error 429: Too Many Requests. Activando resiliencia estructural.
 DONE. Hash: d55157d1 | Git: CLEAN_TR
 -> [Φ] Forjando Iteración 311/10000...[!] Sensor Drift detectado: HTTP Error 429: Too Many Requests. Activando resiliencia estructural.
 DONE. Hash: eb8df406 | Git: CLEAN_TR
 -> [Φ] Forjando Iteración 312/10000...[!] Sensor Drift detectado: HTTP Error 429: Too Many Requests. Activando resiliencia estructural.
 DONE. Hash: ddaed791 | Git: CLEAN_TR
 -> [Φ] Forjando Iteración 313/10000...[!] Sensor Drift detectado: HTTP Error 429: Too Many Requests. Activando resiliencia estructural.
 DONE. Hash: 8e42a79a | Git: CLEAN_TR
 -> [Φ] Forjando Iteración 314/10000...[!] Sensor Drift detectado: HTTP Error 429: Too Many Requests. Activando resiliencia estructural.
 DONE. Hash: 25b85bb7 | Git: CLEAN_TR
 -> [Φ] Forjando Iteración 315/10000...[!] Sensor Drift detectado: HTTP Error 429: Too Many Requests. Activando resiliencia estructural.
 DONE. Hash: 7a4b322c | Git: CLEAN_TR
 -> [Φ] Forjando Iteración 316/10000...[!] Sensor Drift detectado: HTTP Error 429: Too Many Requests. Activando resiliencia estructural.
 DONE. Hash: 6fcaf7d7 | Git: CLEAN_TR
 -> [Φ] Forjando Iteración 317/10000...[!] Sensor Drift detectado: HTTP Error 429: Too Many Requests. Activando resiliencia estructural.
 DONE. Hash: db9a3de1 | Git: CLEAN_TR
 -> [Φ] Forjando Iteración 318/10000...[!] Sensor Drift detectado: HTTP Error 429: Too Many Requests. Activando resiliencia estructural.
 DONE. Hash: 9012d63f | Git: CLEAN_TR
 -> [Φ] Forjando Iteración 319/10000...[!] Sensor Drift detectado: HTTP Error 429: Too Many Requests. Activando resiliencia estructural.
 DONE. Hash: 27a00b7b | Git: CLEAN_TR
 -> [Φ] Forjando Iteración 320/10000...[!] Sensor Drift detectado: HTTP Error 429: Too Many Requests. Activando resiliencia estructural.
 DONE. Hash: 0b664c9f | Git: CLEAN_TR
 -> [Φ] Forjando Iteración 321/10000...[!] Sensor Drift detectado: HTTP Error 429: Too Many Requests. Activando resiliencia estructural.
 DONE. Hash: 8499996b | Git: CLEAN_TR
 -> [Φ] Forjando Iteración 322/10000...[!] Sensor Drift detectado: HTTP Error 429: Too Many Requests. Activando resiliencia estructural.
 DONE. Hash: 32c44a9d | Git: CLEAN_TR
 -> [Φ] Forjando Iteración 323/10000...[!] Sensor Drift detectado: HTTP Error 429: Too Many Requests. Activando resiliencia estructural.
 DONE. Hash: c6fafa50 | Git: 5fbf0988
 -> [Φ] Forjando Iteración 324/10000...[!] Sensor Drift detectado: HTTP Error 429: Too Many Requests. Activando resiliencia estructural.
 DONE. Hash: 3d8c95f8 | Git: CLEAN_TR
 -> [Φ] Forjando Iteración 325/10000...[!] Sensor Drift detectado: HTTP Error 429: Too Many Requests. Activando resiliencia estructural.
 DONE. Hash: ad4a400a | Git: CLEAN_TR
 -> [Φ] Forjando Iteración 326/10000...[!] Sensor Drift detectado: HTTP Error 429: Too Many Requests. Activando resiliencia estructural.
 DONE. Hash: 90be1838 | Git: CLEAN_TR
 -> [Φ] Forjando Iteración 327/10000...[!] Sensor Drift detectado: HTTP Error 429: Too Many Requests. Activando resiliencia estructural.
 DONE. Hash: 16d30635 | Git: CLEAN_TR
 -> [Φ] Forjando Iteración 328/10000...[!] Sensor Drift detectado: HTTP Error 429: Too Many Requests. Activando resiliencia estructural.
 DONE. Hash: 66ff9872 | Git: CLEAN_TR
 -> [Φ] Forjando Iteración 329/10000...[!] Sensor Drift detectado: HTTP Error 429: Too Many Requests. Activando resiliencia estructural.
 DONE. Hash: 524da1e7 | Git: CLEAN_TR
 -> [Φ] Forjando Iteración 330/10000...[!] Sensor Drift detectado: HTTP Error 429: Too Many Requests. Activando resiliencia estructural.
 DONE. Hash: fd52e166 | Git: CLEAN_TR
 -> [Φ] Forjando Iteración 331/10000...[!] Sensor Drift detectado: HTTP Error 429: Too Many Requests. Activando resiliencia estructural.
 DONE. Hash: 26f51098 | Git: CLEAN_TR
 -> [Φ] Forjando Iteración 332/10000...[!] Sensor Drift detectado: HTTP Error 429: Too Many Requests. Activando resiliencia estructural.
 DONE. Hash: 67e05ea4 | Git: CLEAN_TR
 -> [Φ] Forjando Iteración 333/10000...[!] Sensor Drift detectado: HTTP Error 429: Too Many Requests. Activando resiliencia estructural.
 DONE. Hash: 5151e412 | Git: CLEAN_TR
 -> [Φ] Forjando Iteración 334/10000...[!] Sensor Drift detectado: HTTP Error 429: Too Many Requests. Activando resiliencia estructural.
 DONE. Hash: c534360a | Git: CLEAN_TR
 -> [Φ] Forjando Iteración 335/10000...[!] Sensor Drift detectado: HTTP Error 429: Too Many Requests. Activando resiliencia estructural.
 DONE. Hash: 9191d180 | Git: CLEAN_TR
 -> [Φ] Forjando Iteración 336/10000...[!] Sensor Drift detectado: HTTP Error 429: Too Many Requests. Activando resiliencia estructural.
 DONE. Hash: 96af6593 | Git: CLEAN_TR
 -> [Φ] Forjando Iteración 337/10000...[!] Sensor Drift detectado: HTTP Error 429: Too Many Requests. Activando resiliencia estructural.
 DONE. Hash: 1f86e22a | Git: CLEAN_TR
 -> [Φ] Forjando Iteración 338/10000...[!] Sensor Drift detectado: HTTP Error 429: Too Many Requests. Activando resiliencia estructural.
 DONE. Hash: f4e2f1dd | Git: CLEAN_TR
 -> [Φ] Forjando Iteración 339/10000...[!] Sensor Drift detectado: HTTP Error 429: Too Many Requests. Activando resiliencia estructural.
 DONE. Hash: 86477c68 | Git: CLEAN_TR
 -> [Φ] Forjando Iteración 340/10000...[!] Sensor Drift detectado: HTTP Error 429: Too Many Requests. Activando resiliencia estructural.
 DONE. Hash: 1439d489 | Git: CLEAN_TR
 -> [Φ] Forjando Iteración 341/10000...[!] Sensor Drift detectado: HTTP Error 429: Too Many Requests. Activando resiliencia estructural.
 DONE. Hash: af860b5a | Git: CLEAN_TR
 -> [Φ] Forjando Iteración 342/10000...[!] Sensor Drift detectado: HTTP Error 429: Too Many Requests. Activando resiliencia estructural.
 DONE. Hash: c27c4b55 | Git: CLEAN_TR
 -> [Φ] Forjando Iteración 343/10000...[!] Sensor Drift detectado: HTTP Error 429: Too Many Requests. Activando resiliencia estructural.
 DONE. Hash: 27073b6a | Git: CLEAN_TR
 -> [Φ] Forjando Iteración 344/10000...[!] Sensor Drift detectado: HTTP Error 429: Too Many Requests. Activando resiliencia estructural.
 DONE. Hash: 6902ff59 | Git: CLEAN_TR
 -> [Φ] Forjando Iteración 345/10000...[!] Sensor Drift detectado: HTTP Error 429: Too Many Requests. Activando resiliencia estructural.
 DONE. Hash: 542f52a4 | Git: CLEAN_TR
 -> [Φ] Forjando Iteración 346/10000...[!] Sensor Drift detectado: HTTP Error 429: Too Many Requests. Activando resiliencia estructural.
 DONE. Hash: 8ec37ea4 | Git: CLEAN_TR
 -> [Φ] Forjando Iteración 347/10000...[!] Sensor Drift detectado: HTTP Error 429: Too Many Requests. Activando resiliencia estructural.
 DONE. Hash: c4c6d3de | Git: CLEAN_TR
 -> [Φ] Forjando Iteración 348/10000...[!] Sensor Drift detectado: HTTP Error 429: Too Many Requests. Activando resiliencia estructural.
 DONE. Hash: 860bad87 | Git: CLEAN_TR
 -> [Φ] Forjando Iteración 349/10000...[!] Sensor Drift detectado: HTTP Error 429: Too Many Requests. Activando resiliencia estructural.
 DONE. Hash: ce4765a4 | Git: CLEAN_TR
 -> [Φ] Forjando Iteración 350/10000...[!] Sensor Drift detectado: HTTP Error 429: Too Many Requests. Activando resiliencia estructural.
 DONE. Hash: 8b83c16f | Git: CLEAN_TR
 -> [Φ] Forjando Iteración 351/10000...[!] Sensor Drift detectado: HTTP Error 429: Too Many Requests. Activando resiliencia estructural.
 DONE. Hash: 204a7e8b | Git: CLEAN_TR
 -> [Φ] Forjando Iteración 352/10000...[!] Sensor Drift detectado: HTTP Error 429: Too Many Requests. Activando resiliencia estructural.
 DONE. Hash: 8cf14f15 | Git: CLEAN_TR
 -> [Φ] Forjando Iteración 353/10000...[!] Sensor Drift detectado: HTTP Error 429: Too Many Requests. Activando resiliencia estructural.
 DONE. Hash: f5fee7e1 | Git: CLEAN_TR
 -> [Φ] Forjando Iteración 354/10000...[!] Sensor Drift detectado: HTTP Error 429: Too Many Requests. Activando resiliencia estructural.
 DONE. Hash: 0ae91765 | Git: CLEAN_TR
 -> [Φ] Forjando Iteración 355/10000...[!] Sensor Drift detectado: HTTP Error 429: Too Many Requests. Activando resiliencia estructural.
 DONE. Hash: 72fd8490 | Git: CLEAN_TR
 -> [Φ] Forjando Iteración 356/10000...[!] Sensor Drift detectado: HTTP Error 429: Too Many Requests. Activando resiliencia estructural.
 DONE. Hash: 60d77bb4 | Git: CLEAN_TR
 -> [Φ] Forjando Iteración 357/10000...[!] Sensor Drift detectado: HTTP Error 429: Too Many Requests. Activando resiliencia estructural.
 DONE. Hash: 91968433 | Git: CLEAN_TR
 -> [Φ] Forjando Iteración 358/10000...[!] Sensor Drift detectado: HTTP Error 429: Too Many Requests. Activando resiliencia estructural.
 DONE. Hash: 2c658922 | Git: CLEAN_TR
 -> [Φ] Forjando Iteración 359/10000...[!] Sensor Drift detectado: HTTP Error 429: Too Many Requests. Activando resiliencia estructural.
 DONE. Hash: 86a6a4c5 | Git: CLEAN_TR
 -> [Φ] Forjando Iteración 360/10000...[!] Sensor Drift detectado: HTTP Error 429: Too Many Requests. Activando resiliencia estructural.
 DONE. Hash: 24a0d44f | Git: CLEAN_TR
 -> [Φ] Forjando Iteración 361/10000...[!] Sensor Drift detectado: HTTP Error 429: Too Many Requests. Activando resiliencia estructural.
 DONE. Hash: 96832d06 | Git: CLEAN_TR
 -> [Φ] Forjando Iteración 362/10000...[!] Sensor Drift detectado: HTTP Error 429: Too Many Requests. Activando resiliencia estructural.
 DONE. Hash: 4945131a | Git: CLEAN_TR
 -> [Φ] Forjando Iteración 363/10000...[!] Sensor Drift detectado: HTTP Error 429: Too Many Requests. Activando resiliencia estructural.
 DONE. Hash: 77d75f2e | Git: CLEAN_TR
 -> [Φ] Forjando Iteración 364/10000...[!] Sensor Drift detectado: HTTP Error 429: Too Many Requests. Activando resiliencia estructural.
 DONE. Hash: d2b7727b | Git: CLEAN_TR
 -> [Φ] Forjando Iteración 365/10000...[!] Sensor Drift detectado: HTTP Error 429: Too Many Requests. Activando resiliencia estructural.
 DONE. Hash: af7ff605 | Git: CLEAN_TR
 -> [Φ] Forjando Iteración 366/10000...[!] Sensor Drift detectado: HTTP Error 429: Too Many Requests. Activando resiliencia estructural.
 DONE. Hash: 7018f190 | Git: CLEAN_TR
 -> [Φ] Forjando Iteración 367/10000...[!] Sensor Drift detectado: HTTP Error 429: Too Many Requests. Activando resiliencia estructural.
 DONE. Hash: cf276490 | Git: CLEAN_TR
 -> [Φ] Forjando Iteración 368/10000...[!] Sensor Drift detectado: HTTP Error 429: Too Many Requests. Activando resiliencia estructural.
 DONE. Hash: c7ad5813 | Git: CLEAN_TR
 -> [Φ] Forjando Iteración 369/10000...[!] Sensor Drift detectado: HTTP Error 429: Too Many Requests. Activando resiliencia estructural.
 DONE. Hash: ad5e899f | Git: CLEAN_TR
 -> [Φ] Forjando Iteración 370/10000...[!] Sensor Drift detectado: HTTP Error 429: Too Many Requests. Activando resiliencia estructural.
 DONE. Hash: 84ceb9b0 | Git: CLEAN_TR
 -> [Φ] Forjando Iteración 371/10000...[!] Sensor Drift detectado: HTTP Error 429: Too Many Requests. Activando resiliencia estructural.
 DONE. Hash: 73851b85 | Git: CLEAN_TR
 -> [Φ] Forjando Iteración 372/10000...[!] Sensor Drift detectado: HTTP Error 429: Too Many Requests. Activando resiliencia estructural.
 DONE. Hash: 3bbd3bd7 | Git: CLEAN_TR
 -> [Φ] Forjando Iteración 373/10000...[!] Sensor Drift detectado: HTTP Error 429: Too Many Requests. Activando resiliencia estructural.
 DONE. Hash: 94128b81 | Git: CLEAN_TR
 -> [Φ] Forjando Iteración 374/10000...[!] Sensor Drift detectado: HTTP Error 429: Too Many Requests. Activando resiliencia estructural.
 DONE. Hash: ccb9d62e | Git: CLEAN_TR
 -> [Φ] Forjando Iteración 375/10000...[!] Sensor Drift detectado: HTTP Error 429: Too Many Requests. Activando resiliencia estructural.
 DONE. Hash: 47e10c41 | Git: CLEAN_TR
 -> [Φ] Forjando Iteración 376/10000...[!] Sensor Drift detectado: HTTP Error 429: Too Many Requests. Activando resiliencia estructural.
 DONE. Hash: 808cfe84 | Git: CLEAN_TR
 -> [Φ] Forjando Iteración 377/10000...[!] Sensor Drift detectado: HTTP Error 429: Too Many Requests. Activando resiliencia estructural.
 DONE. Hash: 016e9e92 | Git: CLEAN_TR
 -> [Φ] Forjando Iteración 378/10000...[!] Sensor Drift detectado: HTTP Error 429: Too Many Requests. Activando resiliencia estructural.
 DONE. Hash: 2feceb16 | Git: CLEAN_TR
 -> [Φ] Forjando Iteración 379/10000...[!] Sensor Drift detectado: HTTP Error 429: Too Many Requests. Activando resiliencia estructural.
 DONE. Hash: d545c0e4 | Git: CLEAN_TR
 -> [Φ] Forjando Iteración 380/10000...[!] Sensor Drift detectado: HTTP Error 429: Too Many Requests. Activando resiliencia estructural.
 DONE. Hash: 8f40eba8 | Git: CLEAN_TR
 -> [Φ] Forjando Iteración 381/10000...[!] Sensor Drift detectado: HTTP Error 429: Too Many Requests. Activando resiliencia estructural.
 DONE. Hash: cec14a61 | Git: CLEAN_TR
 -> [Φ] Forjando Iteración 382/10000...[!] Sensor Drift detectado: HTTP Error 429: Too Many Requests. Activando resiliencia estructural.
 DONE. Hash: 86434d76 | Git: CLEAN_TR
 -> [Φ] Forjando Iteración 383/10000...[!] Sensor Drift detectado: HTTP Error 429: Too Many Requests. Activando resiliencia estructural.
 DONE. Hash: aef9338a | Git: CLEAN_TR
 -> [Φ] Forjando Iteración 384/10000...[!] Sensor Drift detectado: HTTP Error 429: Too Many Requests. Activando resiliencia estructural.
 DONE. Hash: dcf81ad7 | Git: CLEAN_TR
 -> [Φ] Forjando Iteración 385/10000...[!] Sensor Drift detectado: HTTP Error 429: Too Many Requests. Activando resiliencia estructural.
 DONE. Hash: f18cd5d7 | Git: CLEAN_TR
 -> [Φ] Forjando Iteración 386/10000...[!] Sensor Drift detectado: HTTP Error 429: Too Many Requests. Activando resiliencia estructural.
 DONE. Hash: 16e726b9 | Git: CLEAN_TR
 -> [Φ] Forjando Iteración 387/10000...[!] Sensor Drift detectado: HTTP Error 429: Too Many Requests. Activando resiliencia estructural.
 DONE. Hash: 528a73f4 | Git: CLEAN_TR
 -> [Φ] Forjando Iteración 388/10000...[!] Sensor Drift detectado: HTTP Error 429: Too Many Requests. Activando resiliencia estructural.
 DONE. Hash: 0be2751e | Git: CLEAN_TR
 -> [Φ] Forjando Iteración 389/10000...[!] Sensor Drift detectado: HTTP Error 429: Too Many Requests. Activando resiliencia estructural.
 DONE. Hash: 71defe96 | Git: CLEAN_TR
 -> [Φ] Forjando Iteración 390/10000...[!] Sensor Drift detectado: HTTP Error 429: Too Many Requests. Activando resiliencia estructural.
 DONE. Hash: 6e0eea04 | Git: CLEAN_TR
 -> [Φ] Forjando Iteración 391/10000...[!] Sensor Drift detectado: HTTP Error 429: Too Many Requests. Activando resiliencia estructural.
 DONE. Hash: 677c766f | Git: CLEAN_TR
 -> [Φ] Forjando Iteración 392/10000...[!] Sensor Drift detectado: HTTP Error 429: Too Many Requests. Activando resiliencia estructural.
 DONE. Hash: 7102345a | Git: CLEAN_TR
 -> [Φ] Forjando Iteración 393/10000...[!] Sensor Drift detectado: HTTP Error 429: Too Many Requests. Activando resiliencia estructural.
 DONE. Hash: 6323d26f | Git: CLEAN_TR
 -> [Φ] Forjando Iteración 394/10000...[!] Sensor Drift detectado: HTTP Error 429: Too Many Requests. Activando resiliencia estructural.
 DONE. Hash: 48b76ca9 | Git: CLEAN_TR
 -> [Φ] Forjando Iteración 395/10000...[!] Sensor Drift detectado: HTTP Error 429: Too Many Requests. Activando resiliencia estructural.
 DONE. Hash: b2cfd3dd | Git: CLEAN_TR
 -> [Φ] Forjando Iteración 396/10000...[!] Sensor Drift detectado: HTTP Error 429: Too Many Requests. Activando resiliencia estructural.
 DONE. Hash: 3be9ea81 | Git: CLEAN_TR
 -> [Φ] Forjando Iteración 397/10000...[!] Sensor Drift detectado: HTTP Error 429: Too Many Requests. Activando resiliencia estructural.
 DONE. Hash: 865ac998 | Git: CLEAN_TR
 -> [Φ] Forjando Iteración 398/10000...[!] Sensor Drift detectado: HTTP Error 429: Too Many Requests. Activando resiliencia estructural.
 DONE. Hash: ec614410 | Git: CLEAN_TR
 -> [Φ] Forjando Iteración 399/10000...[!] Sensor Drift detectado: HTTP Error 429: Too Many Requests. Activando resiliencia estructural.
 DONE. Hash: 77d360d6 | Git: CLEAN_TR
 -> [Φ] Forjando Iteración 400/10000...[!] Sensor Drift detectado: HTTP Error 429: Too Many Requests. Activando resiliencia estructural.
 DONE. Hash: a4677208 | Git: CLEAN_TR
 -> [Φ] Forjando Iteración 401/10000...[!] Sensor Drift detectado: HTTP Error 429: Too Many Requests. Activando resiliencia estructural.
 DONE. Hash: 8fe39ffd | Git: CLEAN_TR
 -> [Φ] Forjando Iteración 402/10000...[!] Sensor Drift detectado: HTTP Error 429: Too Many Requests. Activando resiliencia estructural.
 DONE. Hash: bd5ca38f | Git: CLEAN_TR
 -> [Φ] Forjando Iteración 403/10000...[!] Sensor Drift detectado: HTTP Error 429: Too Many Requests. Activando resiliencia estructural.
 DONE. Hash: 8e2f51f0 | Git: CLEAN_TR
 -> [Φ] Forjando Iteración 404/10000...[!] Sensor Drift detectado: HTTP Error 429: Too Many Requests. Activando resiliencia estructural.
 DONE. Hash: 3430457e | Git: CLEAN_TR
 -> [Φ] Forjando Iteración 405/10000...[!] Sensor Drift detectado: HTTP Error 429: Too Many Requests. Activando resiliencia estructural.
 DONE. Hash: a220f6f2 | Git: CLEAN_TR
 -> [Φ] Forjando Iteración 406/10000...[!] Sensor Drift detectado: HTTP Error 429: Too Many Requests. Activando resiliencia estructural.
 DONE. Hash: 5c512efb | Git: CLEAN_TR
 -> [Φ] Forjando Iteración 407/10000...[!] Sensor Drift detectado: HTTP Error 429: Too Many Requests. Activando resiliencia estructural.
 DONE. Hash: c335d1d4 | Git: CLEAN_TR
 -> [Φ] Forjando Iteración 408/10000...[!] Sensor Drift detectado: HTTP Error 429: Too Many Requests. Activando resiliencia estructural.
 DONE. Hash: 707ec91b | Git: CLEAN_TR
 -> [Φ] Forjando Iteración 409/10000...[!] Sensor Drift detectado: HTTP Error 429: Too Many Requests. Activando resiliencia estructural.
 DONE. Hash: 02929052 | Git: CLEAN_TR
 -> [Φ] Forjando Iteración 410/10000...[!] Sensor Drift detectado: HTTP Error 429: Too Many Requests. Activando resiliencia estructural.
 DONE. Hash: 2579b6fb | Git: CLEAN_TR
 -> [Φ] Forjando Iteración 411/10000...[!] Sensor Drift detectado: HTTP Error 429: Too Many Requests. Activando resiliencia estructural.
 DONE. Hash: e908a9b7 | Git: CLEAN_TR
 -> [Φ] Forjando Iteración 412/10000...[!] Sensor Drift detectado: HTTP Error 429: Too Many Requests. Activando resiliencia estructural.
 DONE. Hash: 0c1c7270 | Git: CLEAN_TR
 -> [Φ] Forjando Iteración 413/10000...[!] Sensor Drift detectado: HTTP Error 429: Too Many Requests. Activando resiliencia estructural.
 DONE. Hash: 3581071a | Git: CLEAN_TR
 -> [Φ] Forjando Iteración 414/10000...[!] Sensor Drift detectado: HTTP Error 429: Too Many Requests. Activando resiliencia estructural.
 DONE. Hash: 8dcc1d52 | Git: CLEAN_TR
 -> [Φ] Forjando Iteración 415/10000...[!] Sensor Drift detectado: HTTP Error 429: Too Many Requests. Activando resiliencia estructural.
 DONE. Hash: 52a89480 | Git: CLEAN_TR
 -> [Φ] Forjando Iteración 416/10000...[!] Sensor Drift detectado: HTTP Error 429: Too Many Requests. Activando resiliencia estructural.
 DONE. Hash: 6a671a9c | Git: CLEAN_TR
 -> [Φ] Forjando Iteración 417/10000...[!] Sensor Drift detectado: HTTP Error 429: Too Many Requests. Activando resiliencia estructural.
 DONE. Hash: 9c8a5eed | Git: CLEAN_TR
 -> [Φ] Forjando Iteración 418/10000...[!] Sensor Drift detectado: HTTP Error 429: Too Many Requests. Activando resiliencia estructural.
 DONE. Hash: 3cf8ceae | Git: CLEAN_TR
 -> [Φ] Forjando Iteración 419/10000...[!] Sensor Drift detectado: HTTP Error 429: Too Many Requests. Activando resiliencia estructural.
 DONE. Hash: 0e12ec3e | Git: CLEAN_TR
 -> [Φ] Forjando Iteración 420/10000...[!] Sensor Drift detectado: HTTP Error 429: Too Many Requests. Activando resiliencia estructural.
 DONE. Hash: 659d22fa | Git: CLEAN_TR
 -> [Φ] Forjando Iteración 421/10000...[!] Sensor Drift detectado: HTTP Error 429: Too Many Requests. Activando resiliencia estructural.
 DONE. Hash: a054770f | Git: CLEAN_TR
 -> [Φ] Forjando Iteración 422/10000...[!] Sensor Drift detectado: HTTP Error 429: Too Many Requests. Activando resiliencia estructural.
 DONE. Hash: a09767f3 | Git: CLEAN_TR
 -> [Φ] Forjando Iteración 423/10000...[!] Sensor Drift detectado: HTTP Error 429: Too Many Requests. Activando resiliencia estructural.
 DONE. Hash: 95315301 | Git: CLEAN_TR
 -> [Φ] Forjando Iteración 424/10000...[!] Sensor Drift detectado: HTTP Error 429: Too Many Requests. Activando resiliencia estructural.
 DONE. Hash: 1941eb7d | Git: CLEAN_TR
 -> [Φ] Forjando Iteración 425/10000...[!] Sensor Drift detectado: HTTP Error 429: Too Many Requests. Activando resiliencia estructural.
 DONE. Hash: bf9244d9 | Git: CLEAN_TR
 -> [Φ] Forjando Iteración 426/10000...[!] Sensor Drift detectado: HTTP Error 429: Too Many Requests. Activando resiliencia estructural.
 DONE. Hash: c6d23ca0 | Git: CLEAN_TR
 -> [Φ] Forjando Iteración 427/10000...[!] Sensor Drift detectado: HTTP Error 429: Too Many Requests. Activando resiliencia estructural.
 DONE. Hash: bb755ff1 | Git: CLEAN_TR
 -> [Φ] Forjando Iteración 428/10000...[!] Sensor Drift detectado: HTTP Error 429: Too Many Requests. Activando resiliencia estructural.
 DONE. Hash: f303b129 | Git: CLEAN_TR
 -> [Φ] Forjando Iteración 429/10000...[!] Sensor Drift detectado: HTTP Error 429: Too Many Requests. Activando resiliencia estructural.
 DONE. Hash: 49d85829 | Git: CLEAN_TR
 -> [Φ] Forjando Iteración 430/10000...[!] Sensor Drift detectado: HTTP Error 429: Too Many Requests. Activando resiliencia estructural.
 DONE. Hash: d5b5667f | Git: CLEAN_TR
 -> [Φ] Forjando Iteración 431/10000...[!] Sensor Drift detectado: HTTP Error 429: Too Many Requests. Activando resiliencia estructural.
 DONE. Hash: 63340580 | Git: CLEAN_TR
 -> [Φ] Forjando Iteración 432/10000...[!] Sensor Drift detectado: HTTP Error 429: Too Many Requests. Activando resiliencia estructural.
 DONE. Hash: 79f25816 | Git: CLEAN_TR
 -> [Φ] Forjando Iteración 433/10000...[!] Sensor Drift detectado: HTTP Error 429: Too Many Requests. Activando resiliencia estructural.
 DONE. Hash: a56c1956 | Git: CLEAN_TR
 -> [Φ] Forjando Iteración 434/10000...[!] Sensor Drift detectado: HTTP Error 429: Too Many Requests. Activando resiliencia estructural.
 DONE. Hash: d21700a8 | Git: CLEAN_TR
 -> [Φ] Forjando Iteración 435/10000...[!] Sensor Drift detectado: HTTP Error 429: Too Many Requests. Activando resiliencia estructural.
 DONE. Hash: 91024db5 | Git: CLEAN_TR
 -> [Φ] Forjando Iteración 436/10000...[!] Sensor Drift detectado: HTTP Error 429: Too Many Requests. Activando resiliencia estructural.
 DONE. Hash: e4a6665f | Git: CLEAN_TR
 -> [Φ] Forjando Iteración 437/10000...[!] Sensor Drift detectado: HTTP Error 429: Too Many Requests. Activando resiliencia estructural.
 DONE. Hash: b3eb944a | Git: CLEAN_TR
 -> [Φ] Forjando Iteración 438/10000...[!] Sensor Drift detectado: HTTP Error 429: Too Many Requests. Activando resiliencia estructural.
 DONE. Hash: 292f2475 | Git: CLEAN_TR
 -> [Φ] Forjando Iteración 439/10000...[!] Sensor Drift detectado: HTTP Error 429: Too Many Requests. Activando resiliencia estructural.
 DONE. Hash: eb699020 | Git: CLEAN_TR
 -> [Φ] Forjando Iteración 440/10000...[!] Sensor Drift detectado: HTTP Error 429: Too Many Requests. Activando resiliencia estructural.
 DONE. Hash: 79ccd971 | Git: CLEAN_TR
 -> [Φ] Forjando Iteración 441/10000...[!] Sensor Drift detectado: HTTP Error 429: Too Many Requests. Activando resiliencia estructural.
 DONE. Hash: c381b6ec | Git: CLEAN_TR
 -> [Φ] Forjando Iteración 442/10000...[!] Sensor Drift detectado: HTTP Error 429: Too Many Requests. Activando resiliencia estructural.
 DONE. Hash: 276c279c | Git: CLEAN_TR
 -> [Φ] Forjando Iteración 443/10000...[!] Sensor Drift detectado: HTTP Error 429: Too Many Requests. Activando resiliencia estructural.
 DONE. Hash: ee8c27d5 | Git: CLEAN_TR
 -> [Φ] Forjando Iteración 444/10000...[!] Sensor Drift detectado: HTTP Error 429: Too Many Requests. Activando resiliencia estructural.
 DONE. Hash: e973eb2b | Git: CLEAN_TR
 -> [Φ] Forjando Iteración 445/10000...[!] Sensor Drift detectado: HTTP Error 429: Too Many Requests. Activando resiliencia estructural.
 DONE. Hash: ad179f1a | Git: CLEAN_TR
 -> [Φ] Forjando Iteración 446/10000...[!] Sensor Drift detectado: HTTP Error 429: Too Many Requests. Activando resiliencia estructural.
 DONE. Hash: f37ffb27 | Git: CLEAN_TR
 -> [Φ] Forjando Iteración 447/10000...[!] Sensor Drift detectado: HTTP Error 429: Too Many Requests. Activando resiliencia estructural.
 DONE. Hash: 79d1e958 | Git: CLEAN_TR
 -> [Φ] Forjando Iteración 448/10000...[!] Sensor Drift detectado: HTTP Error 429: Too Many Requests. Activando resiliencia estructural.
 DONE. Hash: 8d14a0ee | Git: CLEAN_TR
 -> [Φ] Forjando Iteración 449/10000...[!] Sensor Drift detectado: HTTP Error 429: Too Many Requests. Activando resiliencia estructural.
 DONE. Hash: 8dfd597b | Git: CLEAN_TR
 -> [Φ] Forjando Iteración 450/10000...[!] Sensor Drift detectado: HTTP Error 429: Too Many Requests. Activando resiliencia estructural.
 DONE. Hash: 37d8eee2 | Git: CLEAN_TR
 -> [Φ] Forjando Iteración 451/10000...[!] Sensor Drift detectado: HTTP Error 429: Too Many Requests. Activando resiliencia estructural.
 DONE. Hash: 975f9645 | Git: CLEAN_TR
 -> [Φ] Forjando Iteración 452/10000...[!] Sensor Drift detectado: HTTP Error 429: Too Many Requests. Activando resiliencia estructural.
 DONE. Hash: 11bcd5d8 | Git: CLEAN_TR
 -> [Φ] Forjando Iteración 453/10000...[!] Sensor Drift detectado: HTTP Error 429: Too Many Requests. Activando resiliencia estructural.
 DONE. Hash: c7f86c4e | Git: CLEAN_TR
 -> [Φ] Forjando Iteración 454/10000...[!] Sensor Drift detectado: HTTP Error 429: Too Many Requests. Activando resiliencia estructural.
 DONE. Hash: edd9f4ec | Git: CLEAN_TR
 -> [Φ] Forjando Iteración 455/10000...[!] Sensor Drift detectado: HTTP Error 429: Too Many Requests. Activando resiliencia estructural.
 DONE. Hash: 1740a32f | Git: CLEAN_TR
 -> [Φ] Forjando Iteración 456/10000...[!] Sensor Drift detectado: HTTP Error 429: Too Many Requests. Activando resiliencia estructural.
 DONE. Hash: 47d6c6b9 | Git: CLEAN_TR
 -> [Φ] Forjando Iteración 457/10000...[!] Sensor Drift detectado: HTTP Error 429: Too Many Requests. Activando resiliencia estructural.
 DONE. Hash: b4064c06 | Git: CLEAN_TR
 -> [Φ] Forjando Iteración 458/10000...[!] Sensor Drift detectado: HTTP Error 429: Too Many Requests. Activando resiliencia estructural.
 DONE. Hash: ff6dc370 | Git: CLEAN_TR
 -> [Φ] Forjando Iteración 459/10000...[!] Sensor Drift detectado: HTTP Error 429: Too Many Requests. Activando resiliencia estructural.
 DONE. Hash: cec1e3a0 | Git: CLEAN_TR
 -> [Φ] Forjando Iteración 460/10000...[!] Sensor Drift detectado: HTTP Error 429: Too Many Requests. Activando resiliencia estructural.
 DONE. Hash: 85fc6a52 | Git: CLEAN_TR
 -> [Φ] Forjando Iteración 461/10000...[!] Sensor Drift detectado: HTTP Error 429: Too Many Requests. Activando resiliencia estructural.
 DONE. Hash: 5edabcb9 | Git: CLEAN_TR
 -> [Φ] Forjando Iteración 462/10000...[!] Sensor Drift detectado: HTTP Error 429: Too Many Requests. Activando resiliencia estructural.
 DONE. Hash: a2cf59f6 | Git: CLEAN_TR
 -> [Φ] Forjando Iteración 463/10000...[!] Sensor Drift detectado: HTTP Error 429: Too Many Requests. Activando resiliencia estructural.
 DONE. Hash: d43e7f5b | Git: CLEAN_TR
 -> [Φ] Forjando Iteración 464/10000...[!] Sensor Drift detectado: HTTP Error 429: Too Many Requests. Activando resiliencia estructural.
 DONE. Hash: 136a6672 | Git: CLEAN_TR
 -> [Φ] Forjando Iteración 465/10000...[!] Sensor Drift detectado: HTTP Error 429: Too Many Requests. Activando resiliencia estructural.
 DONE. Hash: 92782d06 | Git: CLEAN_TR
 -> [Φ] Forjando Iteración 466/10000...[!] Sensor Drift detectado: HTTP Error 429: Too Many Requests. Activando resiliencia estructural.
 DONE. Hash: 169f668a | Git: CLEAN_TR
 -> [Φ] Forjando Iteración 467/10000...[!] Sensor Drift detectado: HTTP Error 429: Too Many Requests. Activando resiliencia estructural.
 DONE. Hash: 76b6aca4 | Git: CLEAN_TR
 -> [Φ] Forjando Iteración 468/10000...[!] Sensor Drift detectado: HTTP Error 429: Too Many Requests. Activando resiliencia estructural.
 DONE. Hash: c3bfd404 | Git: CLEAN_TR
 -> [Φ] Forjando Iteración 469/10000...[!] Sensor Drift detectado: HTTP Error 429: Too Many Requests. Activando resiliencia estructural.
 DONE. Hash: 974623f4 | Git: CLEAN_TR
 -> [Φ] Forjando Iteración 470/10000...[!] Sensor Drift detectado: HTTP Error 429: Too Many Requests. Activando resiliencia estructural.
 DONE. Hash: 4dac1c78 | Git: CLEAN_TR
 -> [Φ] Forjando Iteración 471/10000...[!] Sensor Drift detectado: HTTP Error 429: Too Many Requests. Activando resiliencia estructural.
 DONE. Hash: e389b80a | Git: CLEAN_TR
 -> [Φ] Forjando Iteración 472/10000...[!] Sensor Drift detectado: HTTP Error 429: Too Many Requests. Activando resiliencia estructural.
 DONE. Hash: 056edbad | Git: CLEAN_TR
 -> [Φ] Forjando Iteración 473/10000...[!] Sensor Drift detectado: HTTP Error 429: Too Many Requests. Activando resiliencia estructural.
 DONE. Hash: 2ad9e4d2 | Git: CLEAN_TR
 -> [Φ] Forjando Iteración 474/10000...[!] Sensor Drift detectado: HTTP Error 429: Too Many Requests. Activando resiliencia estructural.
 DONE. Hash: ac0487ac | Git: CLEAN_TR
 -> [Φ] Forjando Iteración 475/10000...[!] Sensor Drift detectado: HTTP Error 429: Too Many Requests. Activando resiliencia estructural.
 DONE. Hash: 96aeddb4 | Git: CLEAN_TR
 -> [Φ] Forjando Iteración 476/10000...[!] Sensor Drift detectado: HTTP Error 429: Too Many Requests. Activando resiliencia estructural.
 DONE. Hash: 4a5e2d8a | Git: CLEAN_TR
 -> [Φ] Forjando Iteración 477/10000...[!] Sensor Drift detectado: HTTP Error 429: Too Many Requests. Activando resiliencia estructural.
 DONE. Hash: 8c4fca8f | Git: CLEAN_TR
 -> [Φ] Forjando Iteración 478/10000...[!] Sensor Drift detectado: HTTP Error 429: Too Many Requests. Activando resiliencia estructural.
 DONE. Hash: f82646bb | Git: CLEAN_TR
 -> [Φ] Forjando Iteración 479/10000...[!] Sensor Drift detectado: HTTP Error 429: Too Many Requests. Activando resiliencia estructural.
 DONE. Hash: a11c9785 | Git: CLEAN_TR
 -> [Φ] Forjando Iteración 480/10000...[!] Sensor Drift detectado: HTTP Error 429: Too Many Requests. Activando resiliencia estructural.
 DONE. Hash: fccdfbea | Git: CLEAN_TR
 -> [Φ] Forjando Iteración 481/10000...[!] Sensor Drift detectado: HTTP Error 429: Too Many Requests. Activando resiliencia estructural.
 DONE. Hash: 11480387 | Git: CLEAN_TR
 -> [Φ] Forjando Iteración 482/10000...[!] Sensor Drift detectado: HTTP Error 429: Too Many Requests. Activando resiliencia estructural.
 DONE. Hash: 70d24097 | Git: CLEAN_TR
 -> [Φ] Forjando Iteración 483/10000...[!] Sensor Drift detectado: HTTP Error 429: Too Many Requests. Activando resiliencia estructural.
 DONE. Hash: fdc62327 | Git: CLEAN_TR
 -> [Φ] Forjando Iteración 484/10000...[!] Sensor Drift detectado: HTTP Error 429: Too Many Requests. Activando resiliencia estructural.
 DONE. Hash: e0b3996a | Git: CLEAN_TR
 -> [Φ] Forjando Iteración 485/10000...[!] Sensor Drift detectado: HTTP Error 429: Too Many Requests. Activando resiliencia estructural.
 DONE. Hash: 5c8d8d53 | Git: CLEAN_TR
 -> [Φ] Forjando Iteración 486/10000...[!] Sensor Drift detectado: HTTP Error 429: Too Many Requests. Activando resiliencia estructural.
 DONE. Hash: 4a44b350 | Git: CLEAN_TR
 -> [Φ] Forjando Iteración 487/10000...[!] Sensor Drift detectado: HTTP Error 429: Too Many Requests. Activando resiliencia estructural.
 DONE. Hash: 09255c24 | Git: CLEAN_TR
 -> [Φ] Forjando Iteración 488/10000...[!] Sensor Drift detectado: HTTP Error 429: Too Many Requests. Activando resiliencia estructural.
 DONE. Hash: 49c6e466 | Git: CLEAN_TR
 -> [Φ] Forjando Iteración 489/10000...[!] Sensor Drift detectado: HTTP Error 429: Too Many Requests. Activando resiliencia estructural.
 DONE. Hash: ef895e87 | Git: CLEAN_TR
 -> [Φ] Forjando Iteración 490/10000...[!] Sensor Drift detectado: HTTP Error 429: Too Many Requests. Activando resiliencia estructural.
 DONE. Hash: b4c1c0b8 | Git: CLEAN_TR
 -> [Φ] Forjando Iteración 491/10000...[!] Sensor Drift detectado: HTTP Error 429: Too Many Requests. Activando resiliencia estructural.
 DONE. Hash: 7e4d692b | Git: CLEAN_TR
 -> [Φ] Forjando Iteración 492/10000...[!] Sensor Drift detectado: HTTP Error 429: Too Many Requests. Activando resiliencia estructural.
 DONE. Hash: 0c80eaa8 | Git: CLEAN_TR
 -> [Φ] Forjando Iteración 493/10000...[!] Sensor Drift detectado: HTTP Error 429: Too Many Requests. Activando resiliencia estructural.
 DONE. Hash: 714243bd | Git: CLEAN_TR
 -> [Φ] Forjando Iteración 494/10000...[!] Sensor Drift detectado: HTTP Error 429: Too Many Requests. Activando resiliencia estructural.
 DONE. Hash: 5f440164 | Git: CLEAN_TR
 -> [Φ] Forjando Iteración 495/10000...[!] Sensor Drift detectado: HTTP Error 429: Too Many Requests. Activando resiliencia estructural.
 DONE. Hash: de6f260a | Git: CLEAN_TR
 -> [Φ] Forjando Iteración 496/10000...[!] Sensor Drift detectado: HTTP Error 429: Too Many Requests. Activando resiliencia estructural.
 DONE. Hash: 7ac13165 | Git: CLEAN_TR
 -> [Φ] Forjando Iteración 497/10000...[!] Sensor Drift detectado: HTTP Error 429: Too Many Requests. Activando resiliencia estructural.
 DONE. Hash: 8e6edb85 | Git: CLEAN_TR
 -> [Φ] Forjando Iteración 498/10000...[!] Sensor Drift detectado: HTTP Error 429: Too Many Requests. Activando resiliencia estructural.
 DONE. Hash: e8636abd | Git: CLEAN_TR
 -> [Φ] Forjando Iteración 499/10000...